2025-12-19 16:46:21.575 [info] [main] Log level: Info
2025-12-19 16:46:21.575 [info] [main] Validating found git in: "git"
2025-12-19 16:46:21.575 [info] [main] Using git "2.52.0" from "git"
2025-12-19 16:46:21.575 [info] [Model][doInitialScan] Initial repository scan started
2025-12-19 16:46:21.575 [info] > git rev-parse --show-toplevel [23ms]
2025-12-19 16:46:21.575 [info] fatal: not a git repository (or any parent up to mount point /)
Stopping at filesystem boundary (GIT_DISCOVERY_ACROSS_FILESYSTEM not set).
2025-12-19 16:46:21.575 [info] [Model][doInitialScan] Initial repository scan completed - repositories (0), closed repositories (0), parent repositories (0), unsafe repositories (0)
2025-12-19 16:46:23.255 [info] > git rev-parse --show-toplevel [5ms]
2025-12-19 16:46:23.256 [info] fatal: not a git repository (or any parent up to mount point /)
Stopping at filesystem boundary (GIT_DISCOVERY_ACROSS_FILESYSTEM not set).
2025-12-19 16:46:25.116 [info] > git rev-parse --show-toplevel [42ms]
2025-12-19 16:46:25.116 [info] fatal: not a git repository (or any parent up to mount point /)
Stopping at filesystem boundary (GIT_DISCOVERY_ACROSS_FILESYSTEM not set).
2025-12-19 16:46:27.630 [info] > git rev-parse --show-toplevel [107ms]
2025-12-19 16:46:27.630 [info] fatal: not a git repository (or any parent up to mount point /)
Stopping at filesystem boundary (GIT_DISCOVERY_ACROSS_FILESYSTEM not set).
2025-12-19 16:46:27.838 [info] > git rev-parse --show-toplevel [75ms]
2025-12-19 16:46:27.838 [info] fatal: not a git repository (or any parent up to mount point /)
Stopping at filesystem boundary (GIT_DISCOVERY_ACROSS_FILESYSTEM not set).
2025-12-19 16:46:56.224 [info] > git rev-parse --show-toplevel [7ms]
2025-12-19 16:46:56.224 [info] fatal: not a git repository (or any parent up to mount point /)
Stopping at filesystem boundary (GIT_DISCOVERY_ACROSS_FILESYSTEM not set).
2025-12-19 16:47:06.416 [info] > git rev-parse --show-toplevel [7ms]
2025-12-19 16:47:06.416 [info] fatal: not a git repository (or any parent up to mount point /)
Stopping at filesystem boundary (GIT_DISCOVERY_ACROSS_FILESYSTEM not set).
