2025-12-19 15:21:17.820 [info] Extension host with pid 81421 started
2025-12-19 15:21:17.820 [info] Skipping acquiring lock for /home/archbtw/.config/Antigravity/User/workspaceStorage/499c294a6b7b1c9f36b17ac035c3a7d7.
2025-12-19 15:21:17.915 [info] ExtensionService#_doActivateExtension vscode.git-base, startup: true, activationEvent: '*', root cause: google.antigravity
2025-12-19 15:21:18.029 [info] ExtensionService#_doActivateExtension vscode.git, startup: true, activationEvent: '*', root cause: google.antigravity
2025-12-19 15:21:18.118 [info] ExtensionService#_doActivateExtension vscode.github, startup: true, activationEvent: '*'
2025-12-19 15:21:18.265 [info] ExtensionService#_doActivateExtension google.antigravity, startup: true, activationEvent: '*'
2025-12-19 15:21:22.886 [info] ExtensionService#_doActivateExtension vscode.terminal-suggest, startup: false, activationEvent: 'onTerminalShellIntegration:*'
2025-12-19 15:21:27.342 [info] ExtensionService#_doActivateExtension google.antigravity-browser-launcher, startup: false, activationEvent: 'onCommand:browserLauncher.launchBrowser'
2025-12-19 15:21:27.908 [info] ExtensionService#_doActivateExtension Google LLC.antigravity-dev-containers, startup: false, activationEvent: 'onStartupFinished'
2025-12-19 15:21:27.965 [info] ExtensionService#_doActivateExtension vscode.debug-auto-launch, startup: false, activationEvent: 'onStartupFinished'
2025-12-19 15:21:27.986 [info] ExtensionService#_doActivateExtension vscode.merge-conflict, startup: false, activationEvent: 'onStartupFinished'
2025-12-19 15:21:28.085 [info] ExtensionService#_doActivateExtension Catppuccin.catppuccin-vsc, startup: false, activationEvent: 'onStartupFinished'
2025-12-19 15:21:28.122 [info] ExtensionService#_doActivateExtension kilocode.kilo-code, startup: false, activationEvent: 'onStartupFinished'
2025-12-19 15:21:34.075 [info] ExtensionService#_doActivateExtension vscodevim.vim, startup: false, activationEvent: 'onStartupFinished'
2025-12-19 15:21:35.962 [error] Error: ENOENT: no such file or directory, open '/home/archbtw/.config/Antigravity/User/globalStorage/vscodevim.vim/.registers'
2025-12-19 15:21:46.759 [info] Eager extensions activated
2025-12-19 15:24:25.161 [info] ExtensionService#_doActivateExtension ms-azuretools.vscode-containers, startup: false, activationEvent: 'onView:vscode-containers.views.containers'
2025-12-19 15:30:27.397 [info] Extension host terminating: renderer closed the MessagePort
2025-12-19 15:30:27.548 [error] Error: ENOENT: no such file or directory, open '/home/archbtw/.config/Antigravity/User/globalStorage/vscodevim.vim/.registers'
2025-12-19 15:30:27.556 [error] Canceled: Canceled
	at new tz (file:///home/archbtw/Downloads/Antigravity/resources/app/out/vs/workbench/api/node/extensionHostProcess.js:30:117507)
	at JO.U (file:///home/archbtw/Downloads/Antigravity/resources/app/out/vs/workbench/api/node/extensionHostProcess.js:30:122118)
	at r.<computed>.s.charCodeAt.r.<computed> (file:///home/archbtw/Downloads/Antigravity/resources/app/out/vs/workbench/api/node/extensionHostProcess.js:30:119612)
	at t6.setValue (file:///home/archbtw/Downloads/Antigravity/resources/app/out/vs/workbench/api/node/extensionHostProcess.js:113:14979)
	at file:///home/archbtw/Downloads/Antigravity/resources/app/out/vs/workbench/api/node/extensionHostProcess.js:113:15603
	at mr.a (file:///home/archbtw/Downloads/Antigravity/resources/app/out/vs/workbench/api/node/extensionHostProcess.js:113:15721)
	at mr.h (file:///home/archbtw/Downloads/Antigravity/resources/app/out/vs/workbench/api/node/extensionHostProcess.js:28:75885)
	at mr.g (file:///home/archbtw/Downloads/Antigravity/resources/app/out/vs/workbench/api/node/extensionHostProcess.js:28:75869)
	at listOnTimeout (node:internal/timers:588:17)
	at process.processTimers (node:internal/timers:523:7)
2025-12-19 15:30:27.556 [info] Extension host with pid 81421 exiting with code 0
