2025-12-20 05:27:07.873 [info] [main] Log level: Info
2025-12-20 05:27:07.873 [info] [main] Validating found git in: "git"
2025-12-20 05:27:07.873 [info] [main] Using git "2.52.0" from "git"
2025-12-20 05:27:07.873 [info] [Model][doInitialScan] Initial repository scan started
2025-12-20 05:27:07.873 [info] > git rev-parse --show-toplevel [29ms]
2025-12-20 05:27:07.873 [info] fatal: not a git repository (or any parent up to mount point /)
Stopping at filesystem boundary (GIT_DISCOVERY_ACROSS_FILESYSTEM not set).
2025-12-20 05:27:07.873 [info] > git rev-parse --show-toplevel [7ms]
2025-12-20 05:27:07.873 [info] fatal: not a git repository (or any parent up to mount point /)
Stopping at filesystem boundary (GIT_DISCOVERY_ACROSS_FILESYSTEM not set).
2025-12-20 05:27:07.873 [info] > git rev-parse --show-toplevel [1099ms]
2025-12-20 05:27:07.873 [info] fatal: not a git repository (or any parent up to mount point /)
Stopping at filesystem boundary (GIT_DISCOVERY_ACROSS_FILESYSTEM not set).
2025-12-20 05:27:07.873 [info] > git rev-parse --show-toplevel [83ms]
2025-12-20 05:27:07.873 [info] fatal: not a git repository (or any parent up to mount point /)
Stopping at filesystem boundary (GIT_DISCOVERY_ACROSS_FILESYSTEM not set).
2025-12-20 05:27:07.873 [info] [Model][doInitialScan] Initial repository scan completed - repositories (0), closed repositories (0), parent repositories (0), unsafe repositories (0)
2025-12-20 05:27:07.956 [info] > git rev-parse --show-toplevel [3ms]
2025-12-20 05:27:07.956 [info] fatal: not a git repository (or any parent up to mount point /)
Stopping at filesystem boundary (GIT_DISCOVERY_ACROSS_FILESYSTEM not set).
2025-12-20 05:28:34.430 [info] > git rev-parse --show-toplevel [2ms]
2025-12-20 05:28:34.430 [info] fatal: not a git repository (or any parent up to mount point /)
Stopping at filesystem boundary (GIT_DISCOVERY_ACROSS_FILESYSTEM not set).
