2025-12-19 21:56:50.034 [info] [main] Log level: Info
2025-12-19 21:56:50.034 [info] [main] Validating found git in: "git"
2025-12-19 21:56:50.034 [info] [main] Using git "2.52.0" from "git"
2025-12-19 21:56:50.034 [info] [Model][doInitialScan] Initial repository scan started
2025-12-19 21:56:50.034 [info] > git rev-parse --show-toplevel [19ms]
2025-12-19 21:56:50.034 [info] fatal: not a git repository (or any parent up to mount point /)
Stopping at filesystem boundary (GIT_DISCOVERY_ACROSS_FILESYSTEM not set).
2025-12-19 21:56:50.034 [info] [Model][doInitialScan] Initial repository scan completed - repositories (0), closed repositories (0), parent repositories (0), unsafe repositories (0)
2025-12-19 21:56:50.034 [info] > git rev-parse --show-toplevel [73ms]
2025-12-19 21:56:50.034 [info] fatal: not a git repository (or any parent up to mount point /)
Stopping at filesystem boundary (GIT_DISCOVERY_ACROSS_FILESYSTEM not set).
2025-12-19 21:56:50.054 [info] > git rev-parse --show-toplevel [6ms]
2025-12-19 21:56:50.054 [info] fatal: not a git repository (or any parent up to mount point /)
Stopping at filesystem boundary (GIT_DISCOVERY_ACROSS_FILESYSTEM not set).
2025-12-19 21:56:50.101 [info] > git rev-parse --show-toplevel [3ms]
2025-12-19 21:56:50.101 [info] fatal: not a git repository (or any parent up to mount point /)
Stopping at filesystem boundary (GIT_DISCOVERY_ACROSS_FILESYSTEM not set).
2025-12-19 21:56:52.106 [info] > git rev-parse --show-toplevel [5ms]
2025-12-19 21:56:52.106 [info] fatal: not a git repository (or any parent up to mount point /)
Stopping at filesystem boundary (GIT_DISCOVERY_ACROSS_FILESYSTEM not set).
2025-12-19 22:03:56.515 [info] > git rev-parse --show-toplevel [3ms]
2025-12-19 22:03:56.515 [info] fatal: not a git repository (or any parent up to mount point /)
Stopping at filesystem boundary (GIT_DISCOVERY_ACROSS_FILESYSTEM not set).
2025-12-19 22:04:30.663 [info] > git rev-parse --show-toplevel [19ms]
2025-12-19 22:04:30.663 [info] fatal: not a git repository (or any parent up to mount point /)
Stopping at filesystem boundary (GIT_DISCOVERY_ACROSS_FILESYSTEM not set).
