2025-12-20 05:28:06.915 [info] [main] Log level: Info
2025-12-20 05:28:06.915 [info] [main] Validating found git in: "git"
2025-12-20 05:28:06.915 [info] [main] Using git "2.52.0" from "git"
2025-12-20 05:28:06.916 [info] [Model][doInitialScan] Initial repository scan started
2025-12-20 05:28:06.916 [info] > git rev-parse --show-toplevel [1196ms]
2025-12-20 05:28:06.916 [info] fatal: not a git repository (or any parent up to mount point /)
Stopping at filesystem boundary (GIT_DISCOVERY_ACROSS_FILESYSTEM not set).
2025-12-20 05:28:06.916 [info] [Model][doInitialScan] Initial repository scan completed - repositories (0), closed repositories (0), parent repositories (0), unsafe repositories (0)
2025-12-20 05:28:06.995 [info] > git rev-parse --show-toplevel [3ms]
2025-12-20 05:28:06.995 [info] fatal: not a git repository (or any parent up to mount point /)
Stopping at filesystem boundary (GIT_DISCOVERY_ACROSS_FILESYSTEM not set).
2025-12-20 05:28:08.765 [info] > git rev-parse --show-toplevel [131ms]
2025-12-20 05:28:08.765 [info] fatal: not a git repository (or any parent up to mount point /)
Stopping at filesystem boundary (GIT_DISCOVERY_ACROSS_FILESYSTEM not set).
2025-12-20 05:28:09.638 [info] > git rev-parse --show-toplevel [12ms]
2025-12-20 05:28:09.638 [info] fatal: not a git repository (or any parent up to mount point /)
Stopping at filesystem boundary (GIT_DISCOVERY_ACROSS_FILESYSTEM not set).
2025-12-20 05:28:12.219 [info] > git rev-parse --show-toplevel [3ms]
2025-12-20 05:28:12.219 [info] fatal: not a git repository (or any parent up to mount point /)
Stopping at filesystem boundary (GIT_DISCOVERY_ACROSS_FILESYSTEM not set).
2025-12-20 05:28:29.576 [info] > git rev-parse --show-toplevel [4ms]
2025-12-20 05:28:29.576 [info] fatal: not a git repository (or any parent up to mount point /)
Stopping at filesystem boundary (GIT_DISCOVERY_ACROSS_FILESYSTEM not set).
2025-12-20 05:28:29.916 [info] > git rev-parse --show-toplevel [8ms]
2025-12-20 05:28:29.916 [info] fatal: not a git repository (or any parent up to mount point /)
Stopping at filesystem boundary (GIT_DISCOVERY_ACROSS_FILESYSTEM not set).
2025-12-20 05:28:34.365 [info] > git rev-parse --show-toplevel [6ms]
2025-12-20 05:28:34.365 [info] fatal: not a git repository (or any parent up to mount point /)
Stopping at filesystem boundary (GIT_DISCOVERY_ACROSS_FILESYSTEM not set).
