2025-12-19 15:16:46.929 [info] Extension host with pid 76460 started
2025-12-19 15:16:46.929 [info] Skipping acquiring lock for /home/archbtw/.config/Antigravity/User/workspaceStorage/8ad2f8b6dc83614cbd8204b9cc845911.
2025-12-19 15:16:47.927 [info] ExtensionService#_doActivateExtension vscode.emmet, startup: false, activationEvent: 'onLanguage'
2025-12-19 15:16:47.972 [info] ExtensionService#_doActivateExtension kilocode.kilo-code, startup: false, activationEvent: 'onLanguage'
2025-12-19 15:16:51.003 [info] ExtensionService#_doActivateExtension vscode.terminal-suggest, startup: false, activationEvent: 'onTerminalShellIntegration:*'
2025-12-19 15:16:51.166 [info] ExtensionService#_doActivateExtension vscode.git-base, startup: true, activationEvent: '*', root cause: google.antigravity
2025-12-19 15:16:51.329 [info] ExtensionService#_doActivateExtension vscode.git, startup: true, activationEvent: '*', root cause: google.antigravity
2025-12-19 15:16:51.432 [info] ExtensionService#_doActivateExtension vscode.github, startup: true, activationEvent: '*'
2025-12-19 15:16:51.576 [info] ExtensionService#_doActivateExtension google.antigravity, startup: true, activationEvent: '*'
2025-12-19 15:16:53.158 [info] ExtensionService#_doActivateExtension vscode.github-authentication, startup: false, activationEvent: 'onAuthenticationRequest:github'
2025-12-19 15:16:59.410 [info] ExtensionService#_doActivateExtension google.antigravity-browser-launcher, startup: false, activationEvent: 'onCommand:browserLauncher.launchBrowser'
2025-12-19 15:17:01.009 [info] ExtensionService#_doActivateExtension Google LLC.antigravity-dev-containers, startup: false, activationEvent: 'onStartupFinished'
2025-12-19 15:17:01.026 [info] ExtensionService#_doActivateExtension vscode.debug-auto-launch, startup: false, activationEvent: 'onStartupFinished'
2025-12-19 15:17:01.031 [info] ExtensionService#_doActivateExtension vscode.merge-conflict, startup: false, activationEvent: 'onStartupFinished'
2025-12-19 15:17:01.073 [info] ExtensionService#_doActivateExtension Catppuccin.catppuccin-vsc, startup: false, activationEvent: 'onStartupFinished'
2025-12-19 15:17:01.082 [info] ExtensionService#_doActivateExtension vscodevim.vim, startup: false, activationEvent: 'onStartupFinished'
2025-12-19 15:17:02.313 [error] Error: ENOENT: no such file or directory, open '/home/archbtw/.config/Antigravity/User/globalStorage/vscodevim.vim/.registers'
2025-12-19 15:17:09.724 [info] Eager extensions activated
2025-12-19 15:17:09.887 [info] ExtensionService#_doActivateExtension ms-azuretools.vscode-containers, startup: false, activationEvent: 'onLanguage:dockercompose'
2025-12-19 15:22:17.860 [info] Extension host terminating: renderer closed the MessagePort
2025-12-19 15:22:18.375 [error] Error: ENOENT: no such file or directory, open '/home/archbtw/.config/Antigravity/User/globalStorage/vscodevim.vim/.registers'
2025-12-19 15:22:18.422 [error] Canceled: Canceled
	at new tz (file:///home/archbtw/Downloads/Antigravity/resources/app/out/vs/workbench/api/node/extensionHostProcess.js:30:117507)
	at JO.U (file:///home/archbtw/Downloads/Antigravity/resources/app/out/vs/workbench/api/node/extensionHostProcess.js:30:122118)
	at r.<computed>.s.charCodeAt.r.<computed> (file:///home/archbtw/Downloads/Antigravity/resources/app/out/vs/workbench/api/node/extensionHostProcess.js:30:119612)
	at t6.setValue (file:///home/archbtw/Downloads/Antigravity/resources/app/out/vs/workbench/api/node/extensionHostProcess.js:113:14979)
	at file:///home/archbtw/Downloads/Antigravity/resources/app/out/vs/workbench/api/node/extensionHostProcess.js:113:15603
	at mr.a (file:///home/archbtw/Downloads/Antigravity/resources/app/out/vs/workbench/api/node/extensionHostProcess.js:113:15721)
	at mr.h (file:///home/archbtw/Downloads/Antigravity/resources/app/out/vs/workbench/api/node/extensionHostProcess.js:28:75885)
	at mr.g (file:///home/archbtw/Downloads/Antigravity/resources/app/out/vs/workbench/api/node/extensionHostProcess.js:28:75869)
	at listOnTimeout (node:internal/timers:588:17)
	at process.processTimers (node:internal/timers:523:7)
2025-12-19 15:22:18.423 [info] Extension host with pid 76460 exiting with code 0
