2025-12-19 16:44:49.974 [error] #1: https://open-vsx.org/vscode/gallery/vscode/catppuccin/catppuccin-vsc/latest - error GET Fetch timeout: 10000ms
2025-12-19 16:44:49.979 [error] #2: https://open-vsx.org/vscode/gallery/vscode/devsense/composer-php-vscode/latest - error GET Fetch timeout: 10000ms
2025-12-19 16:44:49.983 [error] #3: https://open-vsx.org/vscode/gallery/vscode/devsense/intelli-php-vscode/latest - error GET Fetch timeout: 10000ms
2025-12-19 16:44:49.993 [error] #4: https://open-vsx.org/vscode/gallery/vscode/devsense/phptools-vscode/latest - error GET Fetch timeout: 10000ms
2025-12-19 16:44:49.996 [error] #5: https://open-vsx.org/vscode/gallery/vscode/devsense/profiler-php-vscode/latest - error GET Fetch timeout: 10000ms
2025-12-19 16:44:50.007 [error] #6: https://open-vsx.org/vscode/gallery/vscode/golang/go/latest - error GET Fetch timeout: 10000ms
2025-12-19 16:44:50.017 [error] #7: https://open-vsx.org/vscode/gallery/vscode/kilocode/kilo-code/latest - error GET Fetch timeout: 10000ms
2025-12-19 16:44:50.024 [error] #8: https://open-vsx.org/vscode/gallery/vscode/llvm-vs-code-extensions/vscode-clangd/latest - error GET Fetch timeout: 10000ms
2025-12-19 16:44:50.051 [error] #9: https://open-vsx.org/vscode/gallery/vscode/meta/pyrefly/latest - error GET Fetch timeout: 10000ms
2025-12-19 16:44:50.059 [error] #10: https://open-vsx.org/vscode/gallery/vscode/ms-azuretools/vscode-containers/latest - error GET Fetch timeout: 10000ms
2025-12-19 16:44:50.065 [error] #11: https://open-vsx.org/vscode/gallery/vscode/ms-azuretools/vscode-docker/latest - error GET Fetch timeout: 10000ms
2025-12-19 16:44:50.070 [error] #12: https://open-vsx.org/vscode/gallery/vscode/ms-python/debugpy/latest - error GET Fetch timeout: 10000ms
2025-12-19 16:44:50.076 [error] #13: https://open-vsx.org/vscode/gallery/vscode/ms-python/python/latest - error GET Fetch timeout: 10000ms
2025-12-19 16:44:50.082 [error] #14: https://open-vsx.org/vscode/gallery/vscode/ms-python/vscode-python-envs/latest - error GET Fetch timeout: 10000ms
2025-12-19 16:44:50.089 [error] #15: https://open-vsx.org/vscode/gallery/vscode/redhat/java/latest - error GET Fetch timeout: 10000ms
2025-12-19 16:44:50.096 [error] #16: https://open-vsx.org/vscode/gallery/vscode/shopify/ruby-lsp/latest - error GET Fetch timeout: 10000ms
2025-12-19 16:44:50.101 [error] #17: https://open-vsx.org/vscode/gallery/vscode/vscjava/vscode-gradle/latest - error GET Fetch timeout: 10000ms
2025-12-19 16:44:50.105 [error] #19: https://open-vsx.org/vscode/gallery/vscode/vscjava/vscode-java-dependency/latest - error GET Fetch timeout: 10000ms
2025-12-19 16:44:50.107 [error] #20: https://open-vsx.org/vscode/gallery/vscode/vscjava/vscode-java-pack/latest - error GET Fetch timeout: 10000ms
2025-12-19 16:44:50.112 [error] #21: https://open-vsx.org/vscode/gallery/vscode/vscjava/vscode-java-test/latest - error GET Fetch timeout: 10000ms
2025-12-19 16:44:50.116 [error] #22: https://open-vsx.org/vscode/gallery/vscode/vscjava/vscode-maven/latest - error GET Fetch timeout: 10000ms
2025-12-19 16:44:50.118 [error] #23: https://open-vsx.org/vscode/gallery/vscode/vscodevim/vim/latest - error GET Fetch timeout: 10000ms
2025-12-19 16:45:03.707 [error] #24: https://open-vsx.org/vscode/gallery/extensionquery - error POST Failed to fetch
