2025-12-19 16:44:34.166 [error] #1: https://open-vsx.org/vscode/gallery/vscode/catppuccin/catppuccin-vsc/latest - error GET Fetch timeout: 10000ms
2025-12-19 16:44:34.173 [error] #2: https://open-vsx.org/vscode/gallery/vscode/devsense/composer-php-vscode/latest - error GET Fetch timeout: 10000ms
2025-12-19 16:44:34.175 [error] #3: https://open-vsx.org/vscode/gallery/vscode/devsense/intelli-php-vscode/latest - error GET Fetch timeout: 10000ms
2025-12-19 16:44:34.178 [error] #4: https://open-vsx.org/vscode/gallery/vscode/devsense/phptools-vscode/latest - error GET Fetch timeout: 10000ms
2025-12-19 16:44:34.180 [error] #5: https://open-vsx.org/vscode/gallery/vscode/devsense/profiler-php-vscode/latest - error GET Fetch timeout: 10000ms
2025-12-19 16:44:34.182 [error] #6: https://open-vsx.org/vscode/gallery/vscode/golang/go/latest - error GET Fetch timeout: 10000ms
2025-12-19 16:44:34.185 [error] #7: https://open-vsx.org/vscode/gallery/vscode/kilocode/kilo-code/latest - error GET Fetch timeout: 10000ms
2025-12-19 16:44:34.187 [error] #8: https://open-vsx.org/vscode/gallery/vscode/llvm-vs-code-extensions/vscode-clangd/latest - error GET Fetch timeout: 10000ms
2025-12-19 16:44:34.188 [error] #9: https://open-vsx.org/vscode/gallery/vscode/meta/pyrefly/latest - error GET Fetch timeout: 10000ms
2025-12-19 16:44:34.192 [error] #10: https://open-vsx.org/vscode/gallery/vscode/ms-azuretools/vscode-containers/latest - error GET Fetch timeout: 10000ms
2025-12-19 16:44:34.196 [error] #11: https://open-vsx.org/vscode/gallery/vscode/ms-azuretools/vscode-docker/latest - error GET Fetch timeout: 10000ms
2025-12-19 16:44:34.200 [error] #12: https://open-vsx.org/vscode/gallery/vscode/ms-python/debugpy/latest - error GET Fetch timeout: 10000ms
2025-12-19 16:44:34.202 [error] #13: https://open-vsx.org/vscode/gallery/vscode/ms-python/python/latest - error GET Fetch timeout: 10000ms
2025-12-19 16:44:34.203 [error] #14: https://open-vsx.org/vscode/gallery/vscode/ms-python/vscode-python-envs/latest - error GET Fetch timeout: 10000ms
2025-12-19 16:44:34.206 [error] #15: https://open-vsx.org/vscode/gallery/vscode/redhat/java/latest - error GET Fetch timeout: 10000ms
2025-12-19 16:44:34.208 [error] #16: https://open-vsx.org/vscode/gallery/vscode/shopify/ruby-lsp/latest - error GET Fetch timeout: 10000ms
2025-12-19 16:44:34.211 [error] #17: https://open-vsx.org/vscode/gallery/vscode/vscjava/vscode-gradle/latest - error GET Fetch timeout: 10000ms
2025-12-19 16:44:34.215 [error] #19: https://open-vsx.org/vscode/gallery/vscode/vscjava/vscode-java-dependency/latest - error GET Fetch timeout: 10000ms
2025-12-19 16:44:34.216 [error] #20: https://open-vsx.org/vscode/gallery/vscode/vscjava/vscode-java-pack/latest - error GET Fetch timeout: 10000ms
2025-12-19 16:44:34.218 [error] #21: https://open-vsx.org/vscode/gallery/vscode/vscjava/vscode-java-test/latest - error GET Fetch timeout: 10000ms
2025-12-19 16:44:34.221 [error] #22: https://open-vsx.org/vscode/gallery/vscode/vscjava/vscode-maven/latest - error GET Fetch timeout: 10000ms
2025-12-19 16:44:34.222 [error] #23: https://open-vsx.org/vscode/gallery/vscode/vscodevim/vim/latest - error GET Fetch timeout: 10000ms
2025-12-19 16:45:03.706 [error] #25: https://open-vsx.org/vscode/gallery/extensionquery - error POST Failed to fetch
