2025-12-19 15:21:28.868 [info] Extension host with pid 82064 started
2025-12-19 15:21:28.868 [info] Skipping acquiring lock for /home/archbtw/.config/Antigravity/User/workspaceStorage/7b83c9a51f19d78c4f6e1aaf57e216b5.
2025-12-19 15:21:29.017 [info] ExtensionService#_doActivateExtension vscode.git-base, startup: true, activationEvent: '*', root cause: google.antigravity
2025-12-19 15:21:29.281 [info] ExtensionService#_doActivateExtension vscode.git, startup: true, activationEvent: '*', root cause: google.antigravity
2025-12-19 15:21:29.400 [info] ExtensionService#_doActivateExtension vscode.github, startup: true, activationEvent: '*'
2025-12-19 15:21:29.721 [info] ExtensionService#_doActivateExtension google.antigravity, startup: true, activationEvent: '*'
2025-12-19 15:21:33.924 [info] ExtensionService#_doActivateExtension vscode.terminal-suggest, startup: false, activationEvent: 'onTerminalShellIntegration:*'
2025-12-19 15:21:38.983 [info] ExtensionService#_doActivateExtension google.antigravity-browser-launcher, startup: false, activationEvent: 'onStartupFinished'
2025-12-19 15:21:39.037 [info] ExtensionService#_doActivateExtension Google LLC.antigravity-dev-containers, startup: false, activationEvent: 'onStartupFinished'
2025-12-19 15:21:39.108 [info] ExtensionService#_doActivateExtension vscode.debug-auto-launch, startup: false, activationEvent: 'onStartupFinished'
2025-12-19 15:21:39.135 [info] ExtensionService#_doActivateExtension vscode.merge-conflict, startup: false, activationEvent: 'onStartupFinished'
2025-12-19 15:21:39.307 [info] ExtensionService#_doActivateExtension Catppuccin.catppuccin-vsc, startup: false, activationEvent: 'onStartupFinished'
2025-12-19 15:21:39.401 [info] ExtensionService#_doActivateExtension kilocode.kilo-code, startup: false, activationEvent: 'onStartupFinished'
2025-12-19 15:21:46.739 [info] ExtensionService#_doActivateExtension vscodevim.vim, startup: false, activationEvent: 'onStartupFinished'
2025-12-19 15:21:49.611 [error] Error: ENOENT: no such file or directory, open '/home/archbtw/.config/Antigravity/User/globalStorage/vscodevim.vim/.registers'
2025-12-19 15:22:08.309 [info] Eager extensions activated
2025-12-19 15:22:15.247 [info] Extension host terminating: renderer closed the MessagePort
2025-12-19 15:22:15.449 [error] Error: ENOENT: no such file or directory, open '/home/archbtw/.config/Antigravity/User/globalStorage/vscodevim.vim/.registers'
2025-12-19 15:22:15.492 [error] Canceled: Canceled
	at new tz (file:///home/archbtw/Downloads/Antigravity/resources/app/out/vs/workbench/api/node/extensionHostProcess.js:30:117507)
	at JO.U (file:///home/archbtw/Downloads/Antigravity/resources/app/out/vs/workbench/api/node/extensionHostProcess.js:30:122118)
	at r.<computed>.s.charCodeAt.r.<computed> (file:///home/archbtw/Downloads/Antigravity/resources/app/out/vs/workbench/api/node/extensionHostProcess.js:30:119612)
	at t6.setValue (file:///home/archbtw/Downloads/Antigravity/resources/app/out/vs/workbench/api/node/extensionHostProcess.js:113:14979)
	at file:///home/archbtw/Downloads/Antigravity/resources/app/out/vs/workbench/api/node/extensionHostProcess.js:113:15603
	at mr.a (file:///home/archbtw/Downloads/Antigravity/resources/app/out/vs/workbench/api/node/extensionHostProcess.js:113:15721)
	at mr.h (file:///home/archbtw/Downloads/Antigravity/resources/app/out/vs/workbench/api/node/extensionHostProcess.js:28:75885)
	at mr.g (file:///home/archbtw/Downloads/Antigravity/resources/app/out/vs/workbench/api/node/extensionHostProcess.js:28:75869)
	at listOnTimeout (node:internal/timers:588:17)
	at process.processTimers (node:internal/timers:523:7)
2025-12-19 15:22:15.492 [info] Extension host with pid 82064 exiting with code 0
