2025-12-19 16:44:41.224 [info] [main] Log level: Info
2025-12-19 16:44:41.224 [info] [main] Validating found git in: "git"
2025-12-19 16:44:41.224 [info] [main] Using git "2.52.0" from "git"
2025-12-19 16:44:41.224 [info] [Model][doInitialScan] Initial repository scan started
2025-12-19 16:44:41.224 [info] > git rev-parse --show-toplevel [9ms]
2025-12-19 16:44:41.224 [info] > git rev-parse --git-dir --git-common-dir --show-superproject-working-tree [14ms]
2025-12-19 16:44:41.224 [info] [Model][openRepository] Opened repository (path): /home/archbtw/dev/archon
2025-12-19 16:44:41.224 [info] [Model][openRepository] Opened repository (real path): /home/archbtw/dev/archon
2025-12-19 16:44:41.224 [info] [Model][openRepository] Opened repository (kind): repository
2025-12-19 16:44:41.224 [info] > git rev-parse --show-toplevel [112ms]
2025-12-19 16:44:41.224 [info] > git config --get commit.template [124ms]
2025-12-19 16:44:41.265 [info] > git rev-parse --show-toplevel [2956ms]
2025-12-19 16:44:41.504 [info] > git for-each-ref --format=%(refname)%00%(upstream:short)%00%(objectname)%00%(upstream:track)%00%(upstream:remotename)%00%(upstream:remoteref) refs/heads/stable refs/remotes/stable [282ms]
2025-12-19 16:44:41.583 [warning] [Git][revParse] Unable to read file: ENOENT: no such file or directory, open '/home/archbtw/dev/archon/.git/refs/remotes/origin/stable'
2025-12-19 16:44:41.585 [info] > git check-ignore -v -z --stdin [304ms]
2025-12-19 16:44:41.590 [info] > git rev-parse --show-toplevel [88ms]
2025-12-19 16:44:41.659 [info] > git rev-parse refs/remotes/origin/stable [76ms]
2025-12-19 16:44:41.877 [info] > git status -z -uall [161ms]
2025-12-19 16:44:41.880 [info] > git for-each-ref --sort -committerdate --format %(refname)%00%(objectname)%00%(*objectname) [69ms]
2025-12-19 16:44:41.954 [info] > git rev-parse --show-toplevel [302ms]
2025-12-19 16:44:42.030 [info] > git for-each-ref --format=%(refname)%00%(upstream:short)%00%(objectname)%00%(upstream:track)%00%(upstream:remotename)%00%(upstream:remoteref) refs/heads/stable refs/remotes/stable [83ms]
2025-12-19 16:44:42.077 [info] > git config --get --local branch.stable.vscode-merge-base [12ms]
2025-12-19 16:44:42.107 [info] > git rev-parse --show-toplevel [80ms]
2025-12-19 16:44:42.107 [info] > git config --get commit.template [108ms]
2025-12-19 16:44:42.137 [info] > git for-each-ref --format=%(refname)%00%(upstream:short)%00%(objectname)%00%(upstream:track)%00%(upstream:remotename)%00%(upstream:remoteref) refs/heads/origin/main refs/remotes/origin/main [30ms]
2025-12-19 16:44:42.187 [info] > git merge-base refs/heads/stable refs/remotes/origin/stable [25ms]
2025-12-19 16:44:42.206 [info] > git rev-parse --show-toplevel [70ms]
2025-12-19 16:44:42.233 [info] > git for-each-ref --format=%(refname)%00%(upstream:short)%00%(objectname)%00%(upstream:track)%00%(upstream:remotename)%00%(upstream:remoteref) refs/heads/stable refs/remotes/stable [47ms]
2025-12-19 16:44:42.246 [warning] [Git][revParse] Unable to read file: ENOENT: no such file or directory, open '/home/archbtw/dev/archon/.git/refs/remotes/origin/stable'
2025-12-19 16:44:42.247 [info] > git diff --name-status -z --diff-filter=ADMR cf391b4f6c8568633f51cf083340fd3bc65ce35b...refs/remotes/origin/stable [42ms]
2025-12-19 16:44:42.263 [info] > git rev-parse refs/remotes/origin/stable [17ms]
2025-12-19 16:44:42.300 [info] > git rev-parse --show-toplevel [68ms]
2025-12-19 16:44:42.339 [info] > git status -z -uall [58ms]
2025-12-19 16:44:42.339 [info] > git rev-parse --show-toplevel [17ms]
2025-12-19 16:44:42.342 [info] > git for-each-ref --sort -committerdate --format %(refname)%00%(objectname)%00%(*objectname) [42ms]
2025-12-19 16:44:42.372 [info] > git rev-parse --show-toplevel [4ms]
2025-12-19 16:44:42.494 [info] > git rev-parse --show-toplevel [101ms]
2025-12-19 16:44:42.501 [info] [Model][doInitialScan] Initial repository scan completed - repositories (1), closed repositories (0), parent repositories (0), unsafe repositories (0)
