2025-12-19 22:07:01.849 [info] Extension host with pid 2672 started
2025-12-19 22:07:01.849 [info] Skipping acquiring lock for /home/archbtw/.config/Antigravity/User/workspaceStorage/499c294a6b7b1c9f36b17ac035c3a7d7.
2025-12-19 22:07:03.474 [info] ExtensionService#_doActivateExtension vscode.emmet, startup: false, activationEvent: 'onLanguage'
2025-12-19 22:07:03.584 [info] ExtensionService#_doActivateExtension kilocode.kilo-code, startup: false, activationEvent: 'onLanguage'
2025-12-19 22:07:10.342 [info] ExtensionService#_doActivateExtension vscode.terminal-suggest, startup: false, activationEvent: 'onTerminalShellIntegration:*'
2025-12-19 22:07:10.887 [info] ExtensionService#_doActivateExtension vscode.git-base, startup: true, activationEvent: '*', root cause: google.antigravity
2025-12-19 22:07:11.516 [info] ExtensionService#_doActivateExtension vscode.git, startup: true, activationEvent: '*', root cause: google.antigravity
2025-12-19 22:07:11.694 [info] ExtensionService#_doActivateExtension vscode.github, startup: true, activationEvent: '*'
2025-12-19 22:07:12.049 [info] ExtensionService#_doActivateExtension google.antigravity, startup: true, activationEvent: '*'
2025-12-19 22:07:20.344 [info] ExtensionService#_doActivateExtension google.antigravity-browser-launcher, startup: false, activationEvent: 'onStartupFinished'
2025-12-19 22:07:20.363 [info] ExtensionService#_doActivateExtension Google LLC.antigravity-dev-containers, startup: false, activationEvent: 'onStartupFinished'
2025-12-19 22:07:20.377 [info] ExtensionService#_doActivateExtension vscode.debug-auto-launch, startup: false, activationEvent: 'onStartupFinished'
2025-12-19 22:07:20.383 [info] ExtensionService#_doActivateExtension vscode.merge-conflict, startup: false, activationEvent: 'onStartupFinished'
2025-12-19 22:07:20.443 [info] ExtensionService#_doActivateExtension Catppuccin.catppuccin-vsc, startup: false, activationEvent: 'onStartupFinished'
2025-12-19 22:07:20.458 [info] ExtensionService#_doActivateExtension vscodevim.vim, startup: false, activationEvent: 'onStartupFinished'
2025-12-19 22:07:21.459 [info] Eager extensions activated
2025-12-19 22:07:21.998 [error] Error: ENOENT: no such file or directory, open '/home/archbtw/.config/Antigravity/User/globalStorage/vscodevim.vim/.registers'
2025-12-19 22:08:55.336 [info] ExtensionService#_doActivateExtension vscode.npm, startup: false, activationEvent: 'onTerminalQuickFixRequest:ms-vscode.npm-command'
2025-12-19 22:11:13.087 [info] ExtensionService#_doActivateExtension vscode.configuration-editing, startup: false, activationEvent: 'onLanguage:jsonc'
2025-12-19 22:11:13.113 [info] ExtensionService#_doActivateExtension vscode.json-language-features, startup: false, activationEvent: 'onLanguage:jsonc'
2025-12-19 22:11:13.334 [info] ExtensionService#_doActivateExtension vscode.typescript-language-features, startup: false, activationEvent: 'onLanguage:jsonc'
