2025-12-19 17:04:04.790 [info] [main] Log level: Info
2025-12-19 17:04:04.790 [info] [main] Validating found git in: "git"
2025-12-19 17:04:04.790 [info] [main] Using git "2.52.0" from "git"
2025-12-19 17:04:04.791 [info] [Model][doInitialScan] Initial repository scan started
2025-12-19 17:04:04.791 [info] > git rev-parse --show-toplevel [24ms]
2025-12-19 17:04:04.791 [info] fatal: not a git repository (or any parent up to mount point /)
Stopping at filesystem boundary (GIT_DISCOVERY_ACROSS_FILESYSTEM not set).
2025-12-19 17:04:04.791 [info] [Model][doInitialScan] Initial repository scan completed - repositories (0), closed repositories (0), parent repositories (0), unsafe repositories (0)
2025-12-19 17:04:04.878 [info] > git rev-parse --show-toplevel [4ms]
2025-12-19 17:04:04.878 [info] fatal: not a git repository (or any parent up to mount point /)
Stopping at filesystem boundary (GIT_DISCOVERY_ACROSS_FILESYSTEM not set).
2025-12-19 17:04:06.367 [info] > git rev-parse --show-toplevel [12ms]
2025-12-19 17:04:06.368 [info] fatal: not a git repository (or any parent up to mount point /)
Stopping at filesystem boundary (GIT_DISCOVERY_ACROSS_FILESYSTEM not set).
2025-12-19 17:04:07.796 [info] > git rev-parse --show-toplevel [3ms]
2025-12-19 17:04:07.796 [info] fatal: not a git repository (or any parent up to mount point /)
Stopping at filesystem boundary (GIT_DISCOVERY_ACROSS_FILESYSTEM not set).
2025-12-19 17:04:10.073 [info] > git rev-parse --show-toplevel [2ms]
2025-12-19 17:04:10.073 [info] fatal: not a git repository (or any parent up to mount point /)
Stopping at filesystem boundary (GIT_DISCOVERY_ACROSS_FILESYSTEM not set).
2025-12-19 17:04:28.040 [info] > git rev-parse --show-toplevel [19ms]
2025-12-19 17:04:28.040 [info] fatal: not a git repository (or any parent up to mount point /)
Stopping at filesystem boundary (GIT_DISCOVERY_ACROSS_FILESYSTEM not set).
2025-12-19 17:04:31.075 [info] > git rev-parse --show-toplevel [3ms]
2025-12-19 17:04:31.075 [info] fatal: not a git repository (or any parent up to mount point /)
Stopping at filesystem boundary (GIT_DISCOVERY_ACROSS_FILESYSTEM not set).
