2025-12-19 16:46:50.390 [info] [main] Log level: Info
2025-12-19 16:46:50.390 [info] [main] Validating found git in: "git"
2025-12-19 16:46:50.390 [info] [main] Using git "2.52.0" from "git"
2025-12-19 16:46:50.390 [info] [Model][doInitialScan] Initial repository scan started
2025-12-19 16:46:50.390 [info] > git rev-parse --show-toplevel [8ms]
2025-12-19 16:46:50.391 [info] fatal: not a git repository (or any parent up to mount point /)
Stopping at filesystem boundary (GIT_DISCOVERY_ACROSS_FILESYSTEM not set).
2025-12-19 16:46:50.391 [info] [Model][doInitialScan] Initial repository scan completed - repositories (0), closed repositories (0), parent repositories (0), unsafe repositories (0)
2025-12-19 16:46:52.767 [info] > git rev-parse --show-toplevel [8ms]
2025-12-19 16:46:52.767 [info] fatal: not a git repository (or any parent up to mount point /)
Stopping at filesystem boundary (GIT_DISCOVERY_ACROSS_FILESYSTEM not set).
2025-12-19 16:46:55.287 [info] > git rev-parse --show-toplevel [72ms]
2025-12-19 16:46:55.288 [info] fatal: not a git repository (or any parent up to mount point /)
Stopping at filesystem boundary (GIT_DISCOVERY_ACROSS_FILESYSTEM not set).
2025-12-19 16:46:56.345 [info] > git rev-parse --show-toplevel [4ms]
2025-12-19 16:46:56.345 [info] fatal: not a git repository (or any parent up to mount point /)
Stopping at filesystem boundary (GIT_DISCOVERY_ACROSS_FILESYSTEM not set).
2025-12-19 16:46:58.961 [info] > git rev-parse --show-toplevel [34ms]
2025-12-19 16:46:58.961 [info] fatal: not a git repository (or any parent up to mount point /)
Stopping at filesystem boundary (GIT_DISCOVERY_ACROSS_FILESYSTEM not set).
2025-12-19 16:47:48.240 [info] > git rev-parse --show-toplevel [4ms]
2025-12-19 16:47:48.240 [info] fatal: not a git repository (or any parent up to mount point /)
Stopping at filesystem boundary (GIT_DISCOVERY_ACROSS_FILESYSTEM not set).
2025-12-19 16:48:00.250 [info] > git rev-parse --show-toplevel [4ms]
2025-12-19 16:48:00.250 [info] fatal: not a git repository (or any parent up to mount point /)
Stopping at filesystem boundary (GIT_DISCOVERY_ACROSS_FILESYSTEM not set).
