2025-12-19 15:20:37.997 [info] [main] Log level: Info
2025-12-19 15:20:37.997 [info] [main] Validating found git in: "git"
2025-12-19 15:20:37.997 [info] [main] Using git "2.52.0" from "git"
2025-12-19 15:20:37.997 [info] [Model][doInitialScan] Initial repository scan started
2025-12-19 15:20:37.997 [info] > git rev-parse --show-toplevel [10ms]
2025-12-19 15:20:37.997 [info] > git rev-parse --git-dir --git-common-dir --show-superproject-working-tree [29ms]
2025-12-19 15:20:37.997 [info] [Model][openRepository] Opened repository (path): /home/archbtw/dev/AdamsShoe
2025-12-19 15:20:37.997 [info] [Model][openRepository] Opened repository (real path): /home/archbtw/dev/AdamsShoe
2025-12-19 15:20:37.997 [info] [Model][openRepository] Opened repository (kind): repository
2025-12-19 15:20:38.001 [info] > git config --get commit.template [20ms]
2025-12-19 15:20:38.015 [info] [Git][getRemotes] No remotes found in the git config file
2025-12-19 15:20:38.017 [info] > git rev-parse --show-toplevel [21ms]
2025-12-19 15:20:38.031 [info] > git for-each-ref --format=%(refname)%00%(upstream:short)%00%(objectname)%00%(upstream:track)%00%(upstream:remotename)%00%(upstream:remoteref) refs/heads/main refs/remotes/main [17ms]
2025-12-19 15:20:40.170 [info] > git rev-parse --show-toplevel [2140ms]
2025-12-19 15:20:40.362 [info] > git status -z -uall [131ms]
2025-12-19 15:20:40.362 [info] > git rev-parse --show-toplevel [104ms]
2025-12-19 15:20:40.362 [info] > git for-each-ref --sort -committerdate --format %(refname)%00%(objectname)%00%(*objectname) [117ms]
2025-12-19 15:20:40.411 [info] > git for-each-ref --format=%(refname)%00%(upstream:short)%00%(objectname)%00%(upstream:track)%00%(upstream:remotename)%00%(upstream:remoteref) refs/heads/main refs/remotes/main [26ms]
2025-12-19 15:20:40.430 [info] > git config --get --local branch.main.vscode-merge-base [7ms]
2025-12-19 15:20:40.431 [warning] [Git][config] git config failed: Failed to execute git
2025-12-19 15:20:40.443 [info] > git config --get commit.template [32ms]
2025-12-19 15:20:40.443 [info] > git rev-parse --show-toplevel [44ms]
2025-12-19 15:20:40.473 [info] [Git][getRemotes] No remotes found in the git config file
2025-12-19 15:20:40.474 [info] > git reflog main --grep-reflog=branch: Created from *. [31ms]
2025-12-19 15:20:40.501 [info] > git for-each-ref --format=%(refname)%00%(upstream:short)%00%(objectname)%00%(upstream:track)%00%(upstream:remotename)%00%(upstream:remoteref) refs/heads/main refs/remotes/main [28ms]
2025-12-19 15:20:40.501 [info] > git rev-parse --show-toplevel [42ms]
2025-12-19 15:20:40.504 [info] [Model][doInitialScan] Initial repository scan completed - repositories (1), closed repositories (0), parent repositories (0), unsafe repositories (0)
2025-12-19 15:20:40.542 [info] > git status -z -uall [25ms]
2025-12-19 15:20:40.544 [info] > git for-each-ref --sort -committerdate --format %(refname)%00%(objectname)%00%(*objectname) [16ms]
2025-12-19 15:20:40.717 [info] > git check-ignore -v -z --stdin [26ms]
