2025-12-19 17:03:37.238 [error] #1: https://open-vsx.org/vscode/gallery/vscode/catppuccin/catppuccin-vsc/latest - error GET Fetch timeout: 10000ms
2025-12-19 17:03:37.242 [error] #2: https://open-vsx.org/vscode/gallery/vscode/devsense/composer-php-vscode/latest - error GET Fetch timeout: 10000ms
2025-12-19 17:03:37.244 [error] #3: https://open-vsx.org/vscode/gallery/vscode/devsense/intelli-php-vscode/latest - error GET Fetch timeout: 10000ms
2025-12-19 17:03:37.247 [error] #4: https://open-vsx.org/vscode/gallery/vscode/devsense/phptools-vscode/latest - error GET Fetch timeout: 10000ms
2025-12-19 17:03:37.250 [error] #5: https://open-vsx.org/vscode/gallery/vscode/devsense/profiler-php-vscode/latest - error GET Fetch timeout: 10000ms
2025-12-19 17:03:37.253 [error] #6: https://open-vsx.org/vscode/gallery/vscode/golang/go/latest - error GET Fetch timeout: 10000ms
2025-12-19 17:03:37.255 [error] #7: https://open-vsx.org/vscode/gallery/vscode/kilocode/kilo-code/latest - error GET Fetch timeout: 10000ms
2025-12-19 17:03:37.258 [error] #8: https://open-vsx.org/vscode/gallery/vscode/llvm-vs-code-extensions/vscode-clangd/latest - error GET Fetch timeout: 10000ms
2025-12-19 17:03:37.260 [error] #9: https://open-vsx.org/vscode/gallery/vscode/meta/pyrefly/latest - error GET Fetch timeout: 10000ms
2025-12-19 17:03:37.262 [error] #10: https://open-vsx.org/vscode/gallery/vscode/ms-azuretools/vscode-containers/latest - error GET Fetch timeout: 10000ms
2025-12-19 17:03:37.264 [error] #11: https://open-vsx.org/vscode/gallery/vscode/ms-azuretools/vscode-docker/latest - error GET Fetch timeout: 10000ms
2025-12-19 17:03:37.266 [error] #12: https://open-vsx.org/vscode/gallery/vscode/ms-python/debugpy/latest - error GET Fetch timeout: 10000ms
2025-12-19 17:03:37.268 [error] #13: https://open-vsx.org/vscode/gallery/vscode/ms-python/python/latest - error GET Fetch timeout: 10000ms
2025-12-19 17:03:37.270 [error] #14: https://open-vsx.org/vscode/gallery/vscode/ms-python/vscode-python-envs/latest - error GET Fetch timeout: 10000ms
2025-12-19 17:03:37.273 [error] #15: https://open-vsx.org/vscode/gallery/vscode/redhat/java/latest - error GET Fetch timeout: 10000ms
2025-12-19 17:03:37.275 [error] #16: https://open-vsx.org/vscode/gallery/vscode/shopify/ruby-lsp/latest - error GET Fetch timeout: 10000ms
2025-12-19 17:03:37.277 [error] #17: https://open-vsx.org/vscode/gallery/vscode/vscjava/vscode-gradle/latest - error GET Fetch timeout: 10000ms
2025-12-19 17:03:37.278 [error] #18: https://open-vsx.org/vscode/gallery/vscode/vscjava/vscode-java-debug/latest - error GET Fetch timeout: 10000ms
2025-12-19 17:03:37.281 [error] #19: https://open-vsx.org/vscode/gallery/vscode/vscjava/vscode-java-dependency/latest - error GET Fetch timeout: 10000ms
2025-12-19 17:03:37.283 [error] #20: https://open-vsx.org/vscode/gallery/vscode/vscjava/vscode-java-pack/latest - error GET Fetch timeout: 10000ms
2025-12-19 17:03:37.286 [error] #21: https://open-vsx.org/vscode/gallery/vscode/vscjava/vscode-java-test/latest - error GET Fetch timeout: 10000ms
2025-12-19 17:03:37.288 [error] #22: https://open-vsx.org/vscode/gallery/vscode/vscjava/vscode-maven/latest - error GET Fetch timeout: 10000ms
2025-12-19 17:03:37.290 [error] #23: https://open-vsx.org/vscode/gallery/vscode/vscodevim/vim/latest - error GET Fetch timeout: 10000ms
2025-12-19 17:05:41.282 [error] #24: https://open-vsx.org/vscode/gallery/extensionquery - error POST Failed to fetch
