2025-12-19 15:16:54.066 [info] Reading sessions from keychain...
2025-12-19 15:16:54.066 [info] Getting sessions for all scopes...
2025-12-19 15:16:54.066 [info] Got 0 sessions for ...
2025-12-19 15:16:54.066 [info] Getting sessions for all scopes...
2025-12-19 15:16:54.066 [info] Got 0 sessions for ...
2025-12-19 15:16:54.066 [info] Getting sessions for all scopes...
2025-12-19 15:16:54.066 [info] Got 0 sessions for ...
2025-12-19 15:16:54.066 [info] Getting sessions for all scopes...
2025-12-19 15:16:54.066 [info] Got 0 sessions for ...
2025-12-19 15:16:54.066 [info] Getting sessions for all scopes...
2025-12-19 15:16:54.066 [info] Got 0 sessions for ...
2025-12-19 15:16:54.066 [info] Getting sessions for read:user,repo,user:email,workflow...
2025-12-19 15:16:54.066 [info] Got 0 sessions for read:user,repo,user:email,workflow...
2025-12-19 15:17:00.877 [info] Getting sessions for all scopes...
2025-12-19 15:17:00.877 [info] Got 0 sessions for ...
2025-12-19 15:18:09.796 [info] Getting sessions for all scopes...
2025-12-19 15:18:09.796 [info] Got 0 sessions for ...
2025-12-19 15:18:10.861 [info] Getting sessions for all scopes...
2025-12-19 15:18:10.861 [info] Got 0 sessions for ...
2025-12-19 15:18:11.362 [info] Getting sessions for all scopes...
2025-12-19 15:18:11.362 [info] Got 0 sessions for ...
2025-12-19 15:18:12.072 [info] Getting sessions for all scopes...
2025-12-19 15:18:12.072 [info] Got 0 sessions for ...
2025-12-19 15:19:45.926 [info] Getting sessions for all scopes...
2025-12-19 15:19:45.926 [info] Got 0 sessions for ...
2025-12-19 15:19:46.696 [info] Getting sessions for all scopes...
2025-12-19 15:19:46.696 [info] Got 0 sessions for ...
2025-12-19 15:19:58.287 [info] Getting sessions for read:user,repo,user:email,workflow...
2025-12-19 15:19:58.287 [info] Got 0 sessions for read:user,repo,user:email,workflow...
2025-12-19 15:20:17.804 [info] Getting sessions for all scopes...
2025-12-19 15:20:17.804 [info] Got 0 sessions for ...
2025-12-19 15:20:18.452 [info] Getting sessions for all scopes...
2025-12-19 15:20:18.452 [info] Got 0 sessions for ...
2025-12-19 15:20:19.211 [info] Getting sessions for all scopes...
2025-12-19 15:20:19.212 [info] Got 0 sessions for ...
2025-12-19 15:20:19.914 [info] Getting sessions for all scopes...
2025-12-19 15:20:19.914 [info] Got 0 sessions for ...
2025-12-19 15:20:23.819 [info] Getting sessions for all scopes...
2025-12-19 15:20:23.819 [info] Got 0 sessions for ...
2025-12-19 15:20:24.252 [info] Getting sessions for all scopes...
2025-12-19 15:20:24.252 [info] Got 0 sessions for ...
2025-12-19 15:21:19.099 [info] Getting sessions for all scopes...
2025-12-19 15:21:19.099 [info] Got 0 sessions for ...
