2025-12-19 15:16:52.255 [info] [main] Log level: Info
2025-12-19 15:16:52.255 [info] [main] Validating found git in: "git"
2025-12-19 15:16:52.255 [info] [main] Using git "2.52.0" from "git"
2025-12-19 15:16:52.255 [info] [Model][doInitialScan] Initial repository scan started
2025-12-19 15:16:52.255 [info] > git rev-parse --show-toplevel [10ms]
2025-12-19 15:16:52.255 [info] > git rev-parse --git-dir --git-common-dir --show-superproject-working-tree [61ms]
2025-12-19 15:16:52.255 [info] [Model][openRepository] Opened repository (path): /home/archbtw/dev/archon
2025-12-19 15:16:52.255 [info] [Model][openRepository] Opened repository (real path): /home/archbtw/dev/archon
2025-12-19 15:16:52.255 [info] [Model][openRepository] Opened repository (kind): repository
2025-12-19 15:16:52.257 [info] > git config --get commit.template [6ms]
2025-12-19 15:16:52.290 [info] > git for-each-ref --format=%(refname)%00%(upstream:short)%00%(objectname)%00%(upstream:track)%00%(upstream:remotename)%00%(upstream:remoteref) refs/heads/stable refs/remotes/stable [12ms]
2025-12-19 15:16:52.317 [warning] [Git][revParse] Unable to read file: ENOENT: no such file or directory, open '/home/archbtw/dev/archon/.git/refs/remotes/origin/stable'
2025-12-19 15:16:52.325 [info] > git rev-parse refs/remotes/origin/stable [8ms]
2025-12-19 15:16:52.360 [info] > git rev-parse --show-toplevel [58ms]
2025-12-19 15:16:52.395 [info] > git status -z -uall [59ms]
2025-12-19 15:16:52.406 [info] > git rev-parse --show-toplevel [13ms]
2025-12-19 15:16:52.407 [info] > git for-each-ref --sort -committerdate --format %(refname)%00%(objectname)%00%(*objectname) [48ms]
2025-12-19 15:16:52.478 [info] > git for-each-ref --format=%(refname)%00%(upstream:short)%00%(objectname)%00%(upstream:track)%00%(upstream:remotename)%00%(upstream:remoteref) refs/heads/stable refs/remotes/stable [38ms]
2025-12-19 15:16:52.499 [info] > git config --get commit.template [22ms]
2025-12-19 15:16:52.500 [info] > git rev-parse --show-toplevel [38ms]
2025-12-19 15:16:52.526 [info] > git config --get --local branch.stable.vscode-merge-base [30ms]
2025-12-19 15:16:52.593 [info] > git for-each-ref --format=%(refname)%00%(upstream:short)%00%(objectname)%00%(upstream:track)%00%(upstream:remotename)%00%(upstream:remoteref) refs/heads/origin/main refs/remotes/origin/main [40ms]
2025-12-19 15:16:52.619 [info] > git rev-parse --show-toplevel [94ms]
2025-12-19 15:16:52.668 [info] > git merge-base refs/heads/stable refs/remotes/origin/stable [52ms]
2025-12-19 15:16:52.697 [info] > git for-each-ref --format=%(refname)%00%(upstream:short)%00%(objectname)%00%(upstream:track)%00%(upstream:remotename)%00%(upstream:remoteref) refs/heads/stable refs/remotes/stable [107ms]
2025-12-19 15:16:52.794 [warning] [Git][revParse] Unable to read file: ENOENT: no such file or directory, open '/home/archbtw/dev/archon/.git/refs/remotes/origin/stable'
2025-12-19 15:16:52.797 [info] > git diff --name-status -z --diff-filter=ADMR cf391b4f6c8568633f51cf083340fd3bc65ce35b...refs/remotes/origin/stable [101ms]
2025-12-19 15:16:52.804 [info] > git rev-parse --show-toplevel [138ms]
2025-12-19 15:16:52.895 [info] > git check-ignore -v -z --stdin [34ms]
2025-12-19 15:16:52.902 [info] > git rev-parse refs/remotes/origin/stable [107ms]
2025-12-19 15:16:52.991 [info] > git status -z -uall [47ms]
2025-12-19 15:16:52.992 [info] > git for-each-ref --sort -committerdate --format %(refname)%00%(objectname)%00%(*objectname) [11ms]
2025-12-19 15:16:53.016 [info] > git rev-parse --show-toplevel [123ms]
2025-12-19 15:16:53.150 [info] > git rev-parse --show-toplevel [101ms]
2025-12-19 15:16:53.260 [info] > git rev-parse --show-toplevel [33ms]
2025-12-19 15:16:53.354 [info] > git rev-parse --show-toplevel [14ms]
2025-12-19 15:16:54.055 [info] > git rev-parse --show-toplevel [676ms]
2025-12-19 15:16:54.058 [info] [Model][doInitialScan] Initial repository scan completed - repositories (1), closed repositories (0), parent repositories (0), unsafe repositories (0)
2025-12-19 15:19:58.221 [info] > git log --format=%H%n%aN%n%aE%n%at%n%ct%n%P%n%D%n%B -z --shortstat --diff-merges=first-parent -n50 --skip=0 --topo-order --decorate=full --stdin [160ms]
2025-12-19 15:19:58.785 [info] > git check-ignore -v -z --stdin [5ms]
2025-12-19 15:20:14.601 [info] > git check-ignore -v -z --stdin [3ms]
2025-12-19 15:20:14.671 [info] > git show --textconv :migration/complete_setup.sql [20ms]
2025-12-19 15:20:14.700 [info] > git ls-files --stage -- migration/complete_setup.sql [30ms]
2025-12-19 15:20:14.717 [info] > git cat-file -s 609d38c1d7342bb6ea54c5e3b96f80013307e9a4 [3ms]
2025-12-19 15:20:14.776 [info] > git blame --root --incremental cf391b4f6c8568633f51cf083340fd3bc65ce35b -- migration/complete_setup.sql [20ms]
2025-12-19 15:20:15.678 [info] > git check-ignore -v -z --stdin [5ms]
