2025-12-19 22:07:14.108 [error] #3: https://open-vsx.org/vscode/gallery/vscode/devsense/intelli-php-vscode/latest - error GET Fetch timeout: 10000ms
2025-12-19 22:07:14.126 [error] #4: https://open-vsx.org/vscode/gallery/vscode/devsense/phptools-vscode/latest - error GET Fetch timeout: 10000ms
2025-12-19 22:07:14.131 [error] #5: https://open-vsx.org/vscode/gallery/vscode/devsense/profiler-php-vscode/latest - error GET Fetch timeout: 10000ms
2025-12-19 22:07:14.147 [error] #8: https://open-vsx.org/vscode/gallery/vscode/llvm-vs-code-extensions/vscode-clangd/latest - error GET Fetch timeout: 10000ms
2025-12-19 22:07:14.149 [error] #9: https://open-vsx.org/vscode/gallery/vscode/meta/pyrefly/latest - error GET Fetch timeout: 10000ms
2025-12-19 22:07:14.150 [error] #10: https://open-vsx.org/vscode/gallery/vscode/ms-azuretools/vscode-containers/latest - error GET Fetch timeout: 10000ms
2025-12-19 22:07:14.157 [error] #11: https://open-vsx.org/vscode/gallery/vscode/ms-azuretools/vscode-docker/latest - error GET Fetch timeout: 10000ms
2025-12-19 22:07:14.159 [error] #12: https://open-vsx.org/vscode/gallery/vscode/ms-python/debugpy/latest - error GET Fetch timeout: 10000ms
2025-12-19 22:07:14.166 [error] #13: https://open-vsx.org/vscode/gallery/vscode/ms-python/python/latest - error GET Fetch timeout: 10000ms
2025-12-19 22:07:14.168 [error] #14: https://open-vsx.org/vscode/gallery/vscode/ms-python/vscode-python-envs/latest - error GET Fetch timeout: 10000ms
2025-12-19 22:07:14.170 [error] #15: https://open-vsx.org/vscode/gallery/vscode/redhat/java/latest - error GET Fetch timeout: 10000ms
2025-12-19 22:07:14.171 [error] #16: https://open-vsx.org/vscode/gallery/vscode/shopify/ruby-lsp/latest - error GET Fetch timeout: 10000ms
2025-12-19 22:07:14.173 [error] #17: https://open-vsx.org/vscode/gallery/vscode/vscjava/vscode-gradle/latest - error GET Fetch timeout: 10000ms
2025-12-19 22:07:14.176 [error] #18: https://open-vsx.org/vscode/gallery/vscode/vscjava/vscode-java-debug/latest - error GET Fetch timeout: 10000ms
2025-12-19 22:07:14.190 [error] #19: https://open-vsx.org/vscode/gallery/vscode/vscjava/vscode-java-dependency/latest - error GET Fetch timeout: 10000ms
2025-12-19 22:07:14.195 [error] #20: https://open-vsx.org/vscode/gallery/vscode/vscjava/vscode-java-pack/latest - error GET Fetch timeout: 10000ms
2025-12-19 22:07:14.201 [error] #21: https://open-vsx.org/vscode/gallery/vscode/vscjava/vscode-java-test/latest - error GET Fetch timeout: 10000ms
2025-12-19 22:07:14.203 [error] #22: https://open-vsx.org/vscode/gallery/vscode/vscjava/vscode-maven/latest - error GET Fetch timeout: 10000ms
2025-12-19 22:07:14.217 [error] #23: https://open-vsx.org/vscode/gallery/vscode/vscodevim/vim/latest - error GET Fetch timeout: 10000ms
2025-12-19 22:07:30.271 [error] #26: https://open-vsx.org/vscode/gallery/extensionquery - error POST Failed to fetch
