2025-12-19 22:07:13.280 [info] [main] Log level: Info
2025-12-19 22:07:13.280 [info] [main] Validating found git in: "git"
2025-12-19 22:07:13.280 [info] [main] Using git "2.52.0" from "git"
2025-12-19 22:07:13.280 [info] [Model][doInitialScan] Initial repository scan started
2025-12-19 22:07:13.280 [info] > git rev-parse --show-toplevel [26ms]
2025-12-19 22:07:13.280 [info] fatal: not a git repository (or any parent up to mount point /)
Stopping at filesystem boundary (GIT_DISCOVERY_ACROSS_FILESYSTEM not set).
2025-12-19 22:07:13.280 [info] > git rev-parse --show-toplevel [7ms]
2025-12-19 22:07:13.280 [info] fatal: not a git repository (or any parent up to mount point /)
Stopping at filesystem boundary (GIT_DISCOVERY_ACROSS_FILESYSTEM not set).
2025-12-19 22:07:13.280 [info] > git rev-parse --show-toplevel [131ms]
2025-12-19 22:07:13.280 [info] fatal: not a git repository (or any parent up to mount point /)
Stopping at filesystem boundary (GIT_DISCOVERY_ACROSS_FILESYSTEM not set).
2025-12-19 22:07:13.280 [info] [Model][doInitialScan] Initial repository scan completed - repositories (0), closed repositories (0), parent repositories (0), unsafe repositories (0)
2025-12-19 22:07:13.480 [info] > git rev-parse --show-toplevel [6ms]
2025-12-19 22:07:13.480 [info] fatal: not a git repository (or any parent up to mount point /)
Stopping at filesystem boundary (GIT_DISCOVERY_ACROSS_FILESYSTEM not set).
2025-12-19 22:11:13.808 [info] > git rev-parse --show-toplevel [54ms]
2025-12-19 22:11:13.808 [info] fatal: not a git repository (or any parent up to mount point /)
Stopping at filesystem boundary (GIT_DISCOVERY_ACROSS_FILESYSTEM not set).
