2025-12-19 15:16:52.988 [info] 2025/12/19 15:16:52 maxprocs: Leaving GOMAXPROCS=8: CPU quota undefined
2025-12-19 15:16:53.150 [info] I1219 15:16:53.102035 77012 main.go:183] Setting GOMAXPROCS to 4
2025-12-19 15:16:53.150 [info] I1219 15:16:53.106181 77012 main.go:294] Starting language server process with pid 77012
2025-12-19 15:16:53.150 [info] I1219 15:16:53.106293 77012 server.go:228] Language server will attempt to listen on host 127.0.0.1
2025-12-19 15:16:53.150 [info] I1219 15:16:53.106705 77012 server.go:235] Language server listening on random port at 43573 for HTTPS
2025-12-19 15:16:53.150 [info] I1219 15:16:53.106797 77012 server.go:242] Language server listening on random port at 37787 for HTTP
2025-12-19 15:16:55.319 [info] I1219 15:16:55.318931 77012 server.go:326] Created extension server client at port 41785
2025-12-19 15:16:55.333 [info] W1219 15:16:55.328968 77012 log_context.go:106] Cache(userInfo): Singleflight refresh failed: You are not logged into Antigravity.
2025-12-19 15:16:55.346 [info] I1219 15:16:55.344521 77012 server.go:343] initialized server successfully
2025-12-19 15:16:55.357 [info] W1219 15:16:55.347788 77012 log_context.go:106] Cache(userInfo): Singleflight refresh failed: You are not logged into Antigravity.
2025-12-19 15:16:55.393 [info] (Antigravity) 2025-12-19 15:16:55.391 [INFO]: Language server started
2025-12-19 15:16:55.665 [info] 2025/12/19 15:16:55 http: TLS handshake error from 127.0.0.1:54978: EOF
2025-12-19 15:16:56.758 [info] (Antigravity) 2025-12-19 15:16:56.757 [INFO]: LS lspClient started successfully
2025-12-19 15:17:09.853 [info] E1219 15:17:09.852324 77012 log.go:354] queryText was truncated because it was longer than the allowed byte length 1500
2025-12-19 15:17:11.714 [info] I1219 15:17:11.594181 77012 secure_credentials.go:67] Credentials set successfully
2025-12-19 15:17:13.079 [info] W1219 15:17:13.078645 77012 browser_page.go:196] failed to get favicon URL: favicon not found
2025-12-19 15:20:14.475 [info] E1219 15:20:14.475624 77012 log.go:354] queryText was truncated because it was longer than the allowed byte length 1500
2025-12-19 15:20:29.422 [info] I1219 15:20:29.422135 77012 http_helpers.go:190] Failed to make code assist backend request: {
2025-12-19 15:20:29.422 [info]   "error": {
2025-12-19 15:20:29.422 [info]     "code": 404,
2025-12-19 15:20:29.422 [info]     "message": "Requested entity was not found.",
2025-12-19 15:20:29.422 [info]     "status": "NOT_FOUND"
2025-12-19 15:20:29.422 [info]   }
2025-12-19 15:20:29.422 [info] }
2025-12-19 15:20:29.422 [info] 
2025-12-19 15:20:29.422 [info] E1219 15:20:29.422227 77012 interceptor.go:74] /exa.language_server_pb.LanguageServerService/GetCascadePluginById (unknown): failed to make code assist backend request
2025-12-19 15:21:07.103 [info] E1219 15:21:07.102554 77012 interceptor.go:74] /exa.language_server_pb.LanguageServerService/GetCascadePluginById (unknown): Get "https://daily-cloudcode-pa.sandbox.googleapis.com/v1internal/agentPlugins/sequential-thinking": EOF
2025-12-19 15:21:25.888 [info] E1219 15:21:25.887998 77012 interceptor.go:74] /exa.language_server_pb.LanguageServerService/StreamCascadeReactiveUpdates (unknown): reactive component 5f77cd6f-487d-43e1-9a78-83bc591c5112 not found
