2025-12-19 16:46:53.558 [info] 2025/12/19 16:46:53 maxprocs: Leaving GOMAXPROCS=8: CPU quota undefined
2025-12-19 16:46:53.727 [info] I1219 16:46:53.725514 152373 main.go:183] Setting GOMAXPROCS to 4
2025-12-19 16:46:53.732 [info] I1219 16:46:53.730929 152373 main.go:294] Starting language server process with pid 152373
2025-12-19 16:46:53.732 [info] I1219 16:46:53.731263 152373 server.go:228] Language server will attempt to listen on host 127.0.0.1
2025-12-19 16:46:53.733 [info] I1219 16:46:53.732540 152373 server.go:235] Language server listening on random port at 43481 for HTTPS
2025-12-19 16:46:53.733 [info] I1219 16:46:53.732790 152373 server.go:242] Language server listening on random port at 45187 for HTTP
2025-12-19 16:46:56.829 [info] I1219 16:46:56.829208 152373 server.go:326] Created extension server client at port 37267
2025-12-19 16:46:56.837 [info] W1219 16:46:56.836606 152373 log_context.go:106] Cache(userInfo): Singleflight refresh failed: You are not logged into Antigravity.
2025-12-19 16:46:56.848 [info] I1219 16:46:56.847737 152373 server.go:343] initialized server successfully
2025-12-19 16:46:56.851 [info] W1219 16:46:56.849696 152373 log_context.go:106] Cache(userInfo): Singleflight refresh failed: You are not logged into Antigravity.
2025-12-19 16:46:56.884 [info] (Antigravity) 2025-12-19 16:46:56.883 [INFO]: Language server started
2025-12-19 16:46:57.296 [info] (Antigravity) 2025-12-19 16:46:57.295 [INFO]: LS lspClient started successfully
2025-12-19 16:47:04.564 [info] E1219 16:47:00.394706 152373 log.go:354] deadline_exceeded: context deadline exceeded
2025-12-19 16:47:04.564 [info] E1219 16:47:01.493480 152373 log.go:354] deadline_exceeded: context deadline exceeded
2025-12-19 16:47:04.564 [info] E1219 16:47:02.541101 152373 log.go:354] deadline_exceeded: context deadline exceeded
2025-12-19 16:47:04.564 [info] E1219 16:47:03.579255 152373 log.go:354] deadline_exceeded: context deadline exceeded
2025-12-19 16:47:04.672 [info] E1219 16:47:04.633444 152373 log.go:354] deadline_exceeded: context deadline exceeded
2025-12-19 16:47:06.440 [info] E1219 16:47:06.261663 152373 log.go:354] deadline_exceeded: context deadline exceeded
2025-12-19 16:47:23.320 [info] W1219 16:47:23.319520 152373 log_context.go:106] Cache(availableModels): Singleflight refresh failed: Post "https://daily-cloudcode-pa.sandbox.googleapis.com/v1internal:fetchAvailableModels": EOF
2025-12-19 16:47:23.320 [info] W1219 16:47:23.319612 152373 log_context.go:106] Failed to refresh cache in background: Post "https://daily-cloudcode-pa.sandbox.googleapis.com/v1internal:fetchAvailableModels": EOF
2025-12-19 16:47:23.321 [info] E1219 16:47:23.319801 152373 interceptor.go:74] /exa.language_server_pb.LanguageServerService/GetUserStatus (unknown): Post "https://daily-cloudcode-pa.sandbox.googleapis.com/v1internal:fetchAvailableModels": EOF
2025-12-19 16:47:35.351 [info] I1219 16:47:35.351179 152373 secure_credentials.go:67] Credentials set successfully
2025-12-19 16:48:16.454 [info] W1219 16:48:16.453181 152373 browser_page.go:196] failed to get favicon URL: favicon not found
