2025-12-20 05:28:44.898 [info] 2025/12/20 05:28:44 maxprocs: Leaving GOMAXPROCS=8: CPU quota undefined
2025-12-20 05:28:45.014 [info] I1220 05:28:45.013774  8317 main.go:183] Setting GOMAXPROCS to 4
2025-12-20 05:28:45.016 [info] I1220 05:28:45.015862  8317 main.go:294] Starting language server process with pid 8317
2025-12-20 05:28:45.016 [info] I1220 05:28:45.015952  8317 server.go:228] Language server will attempt to listen on host 127.0.0.1
2025-12-20 05:28:45.016 [info] I1220 05:28:45.016320  8317 server.go:235] Language server listening on random port at 37007 for HTTPS
2025-12-20 05:28:45.017 [info] I1220 05:28:45.016413  8317 server.go:242] Language server listening on random port at 39169 for HTTP
2025-12-20 05:28:46.857 [info] I1220 05:28:46.857087  8317 server.go:326] Created extension server client at port 39289
2025-12-20 05:28:46.868 [info] W1220 05:28:46.868150  8317 log_context.go:106] Cache(userInfo): Singleflight refresh failed: You are not logged into Antigravity.
2025-12-20 05:28:46.884 [info] I1220 05:28:46.881683  8317 server.go:343] initialized server successfully
2025-12-20 05:28:46.891 [info] W1220 05:28:46.885642  8317 log_context.go:106] Cache(userInfo): Singleflight refresh failed: You are not logged into Antigravity.
2025-12-20 05:28:46.958 [info] (Antigravity) 2025-12-20 05:28:46.950 [INFO]: Language server started
2025-12-20 05:28:47.160 [info] 2025/12/20 05:28:47 http: TLS handshake error from 127.0.0.1:46172: EOF
2025-12-20 05:28:47.161 [info] 2025/12/20 05:28:47 http: TLS handshake error from 127.0.0.1:46174: EOF
2025-12-20 05:28:47.274 [info] (Antigravity) 2025-12-20 05:28:47.274 [INFO]: LS lspClient started successfully
2025-12-20 05:38:07.203 [info] E1220 05:38:07.202256  8317 log.go:354] encountered conflicting override on experiment: cascade-include-ephemeral-message
2025-12-20 05:38:07.204 [info] E1220 05:38:07.204250  8317 log.go:354] encountered conflicting override on experiment: cascade-knowledge-config
2025-12-20 05:38:07.432 [info] I1220 05:38:07.432022  8317 planner_generator.go:272] Requesting planner with 2 chat messages at model retry attempt 1 and API retry attempt 1
2025-12-20 05:38:10.041 [info] I1220 05:38:10.040699  8317 http_helpers.go:125] URL: https://daily-cloudcode-pa.sandbox.googleapis.com/v1internal:streamGenerateContent?alt=sse Trace: 0x8ac02ff99fae8114
2025-12-20 05:38:14.510 [info] I1220 05:38:14.509400  8317 http_helpers.go:125] URL: https://daily-cloudcode-pa.sandbox.googleapis.com/v1internal:streamGenerateContent?alt=sse Trace: 0x1ae5017f712eab8f
2025-12-20 05:39:00.213 [info] E1220 05:39:00.200287  8317 log.go:354] encountered conflicting override on experiment: cascade-include-ephemeral-message
2025-12-20 05:39:00.213 [info] E1220 05:39:00.202076  8317 log.go:354] encountered conflicting override on experiment: cascade-knowledge-config
2025-12-20 05:39:00.301 [info] I1220 05:39:00.301014  8317 planner_generator.go:272] Requesting planner with 4 chat messages at model retry attempt 1 and API retry attempt 1
2025-12-20 05:39:07.643 [info] I1220 05:39:07.631593  8317 http_helpers.go:125] URL: https://daily-cloudcode-pa.sandbox.googleapis.com/v1internal:streamGenerateContent?alt=sse Trace: 0xa47c6043f601c46f
2025-12-20 05:39:08.095 [info] (Antigravity) 2025-12-20 05:39:08.094 [INFO]: [Terminal] Command completed: cd /home/archbtw exit code 0
2025-12-20 05:39:35.031 [info] E1220 05:39:35.027365  8317 log.go:354] encountered conflicting override on experiment: cascade-include-ephemeral-message
2025-12-20 05:39:35.031 [info] E1220 05:39:35.029181  8317 log.go:354] encountered conflicting override on experiment: cascade-knowledge-config
2025-12-20 05:39:35.134 [info] I1220 05:39:35.133806  8317 planner_generator.go:272] Requesting planner with 7 chat messages at model retry attempt 1 and API retry attempt 1
2025-12-20 05:39:45.474 [info] I1220 05:39:45.474522  8317 http_helpers.go:125] URL: https://daily-cloudcode-pa.sandbox.googleapis.com/v1internal:streamGenerateContent?alt=sse Trace: 0x1f0156c9e636f229
2025-12-20 05:40:21.852 [info] E1220 05:40:21.846882  8317 log.go:354] encountered conflicting override on experiment: cascade-include-ephemeral-message
2025-12-20 05:40:21.852 [info] E1220 05:40:21.848199  8317 log.go:354] encountered conflicting override on experiment: cascade-knowledge-config
2025-12-20 05:40:21.953 [info] I1220 05:40:21.953427  8317 planner_generator.go:272] Requesting planner with 9 chat messages at model retry attempt 1 and API retry attempt 1
2025-12-20 05:40:24.317 [info] E1220 05:40:24.317533  8317 log.go:362] agent executor error: request failed: &{429 Too Many Requests 429 HTTP/1.1 1 1 map[Alt-Svc:[h3=":443"; ma=2592000,h3-29=":443"; ma=2592000] Content-Length:[700] Content-Type:[text/event-stream] Date:[Sat, 20 Dec 2025 05:40:24 GMT] Server:[ESF] Server-Timing:[gfet4t7; dur=883] Vary:[Origin X-Origin Referer] X-Cloudaicompanion-Trace-Id:[f7eb479b2bfb124] X-Content-Type-Options:[nosniff] X-Frame-Options:[SAMEORIGIN] X-Xss-Protection:[0]] 0x3eca2c0fa900 700 [] false false map[] 0x3eca2405edc0 0x3eca299080c0}: request failed: &{429 Too Many Requests 429 HTTP/1.1 1 1 map[Alt-Svc:[h3=":443"; ma=2592000,h3-29=":443"; ma=2592000] Content-Length:[700] Content-Type:[text/event-stream] Date:[Sat, 20 Dec 2025 05:40:24 GMT] Server:[ESF] Server-Timing:[gfet4t7; dur=883] Vary:[Origin X-Origin Referer] X-Cloudaicompanion-Trace-Id:[f7eb479b2bfb124] X-Content-Type-Options:[nosniff] X-Frame-Options:[SAMEORIGIN] X-Xss-Protection:[0]] 0x3eca2c0fa900 700 [] false false map[] 0x3eca2405edc0 0x3eca299080c0}
2025-12-20 05:40:36.014 [info] E1220 05:40:36.010633  8317 log.go:354] encountered conflicting override on experiment: cascade-include-ephemeral-message
2025-12-20 05:40:36.014 [info] E1220 05:40:36.011908  8317 log.go:354] encountered conflicting override on experiment: cascade-knowledge-config
2025-12-20 05:40:36.131 [info] I1220 05:40:36.131369  8317 planner_generator.go:272] Requesting planner with 11 chat messages at model retry attempt 1 and API retry attempt 1
2025-12-20 05:40:38.012 [info] E1220 05:40:38.011897  8317 log.go:362] agent executor error: request failed: &{429 Too Many Requests 429 HTTP/1.1 1 1 map[Alt-Svc:[h3=":443"; ma=2592000,h3-29=":443"; ma=2592000] Content-Length:[707] Content-Type:[text/event-stream] Date:[Sat, 20 Dec 2025 05:40:37 GMT] Server:[ESF] Server-Timing:[gfet4t7; dur=956] Vary:[Origin X-Origin Referer] X-Cloudaicompanion-Trace-Id:[833153b4b91077a8] X-Content-Type-Options:[nosniff] X-Frame-Options:[SAMEORIGIN] X-Xss-Protection:[0]] 0x3eca2b82aa80 707 [] false false map[] 0x3eca2b3fe8c0 0x3eca29ad3c80}: request failed: &{429 Too Many Requests 429 HTTP/1.1 1 1 map[Alt-Svc:[h3=":443"; ma=2592000,h3-29=":443"; ma=2592000] Content-Length:[707] Content-Type:[text/event-stream] Date:[Sat, 20 Dec 2025 05:40:37 GMT] Server:[ESF] Server-Timing:[gfet4t7; dur=956] Vary:[Origin X-Origin Referer] X-Cloudaicompanion-Trace-Id:[833153b4b91077a8] X-Content-Type-Options:[nosniff] X-Frame-Options:[SAMEORIGIN] X-Xss-Protection:[0]] 0x3eca2b82aa80 707 [] false false map[] 0x3eca2b3fe8c0 0x3eca29ad3c80}
