2025-12-19 15:21:20.448 [info] 2025/12/19 15:21:20 maxprocs: Leaving GOMAXPROCS=8: CPU quota undefined
2025-12-19 15:21:20.770 [info] I1219 15:21:20.770009 81660 main.go:183] Setting GOMAXPROCS to 4
2025-12-19 15:21:20.775 [info] I1219 15:21:20.773434 81660 main.go:294] Starting language server process with pid 81660
2025-12-19 15:21:20.775 [info] I1219 15:21:20.773508 81660 server.go:228] Language server will attempt to listen on host 127.0.0.1
2025-12-19 15:21:20.775 [info] I1219 15:21:20.773986 81660 server.go:235] Language server listening on random port at 45889 for HTTPS
2025-12-19 15:21:20.775 [info] I1219 15:21:20.774141 81660 server.go:242] Language server listening on random port at 44823 for HTTP
2025-12-19 15:21:21.421 [info] I1219 15:21:21.420404 81660 server.go:326] Created extension server client at port 35265
2025-12-19 15:21:21.446 [info] W1219 15:21:21.440772 81660 log_context.go:106] Cache(userInfo): Singleflight refresh failed: You are not logged into Antigravity.
2025-12-19 15:21:21.464 [info] I1219 15:21:21.462138 81660 server.go:343] initialized server successfully
2025-12-19 15:21:21.487 [info] W1219 15:21:21.481171 81660 log_context.go:106] Cache(userInfo): Singleflight refresh failed: You are not logged into Antigravity.
2025-12-19 15:21:21.616 [info] (Antigravity) 2025-12-19 15:21:21.611 [INFO]: Language server started
2025-12-19 15:21:22.003 [info] 2025/12/19 15:21:21 http: TLS handshake error from 127.0.0.1:57168: EOF
2025-12-19 15:21:22.555 [info] (Antigravity) 2025-12-19 15:21:22.554 [INFO]: LS lspClient started successfully
2025-12-19 15:21:37.048 [info] W1219 15:21:37.043399 81660 log_context.go:106] Cache(availableModels): Singleflight refresh failed: failed to get load code assist response: Post "https://daily-cloudcode-pa.sandbox.googleapis.com/v1internal:loadCodeAssist": EOF
2025-12-19 15:21:37.049 [info] W1219 15:21:37.043486 81660 log_context.go:106] Failed to refresh cache in background: failed to get load code assist response: Post "https://daily-cloudcode-pa.sandbox.googleapis.com/v1internal:loadCodeAssist": EOF
2025-12-19 15:21:37.049 [info] W1219 15:21:37.045660 81660 log_context.go:106] Cache(userInfo): Singleflight refresh failed: Post "https://daily-cloudcode-pa.sandbox.googleapis.com/v1internal:fetchUserInfo": EOF
2025-12-19 15:21:37.049 [info] W1219 15:21:37.045745 81660 log_context.go:106] Failed to refresh cache in background: Post "https://daily-cloudcode-pa.sandbox.googleapis.com/v1internal:fetchUserInfo": EOF
2025-12-19 15:21:37.049 [info] E1219 15:21:37.045899 81660 interceptor.go:74] /exa.language_server_pb.LanguageServerService/GetUserStatus (unknown): Post "https://daily-cloudcode-pa.sandbox.googleapis.com/v1internal:fetchUserInfo": EOF
2025-12-19 15:21:37.049 [info] E1219 15:21:37.046450 81660 interceptor.go:74] /exa.language_server_pb.LanguageServerService/SendUserCascadeMessage (unknown): unknown model key MODEL_PLACEHOLDER_M18: model not found
2025-12-19 15:21:48.332 [info] I1219 15:21:48.331818 81660 secure_credentials.go:67] Credentials set successfully
2025-12-19 15:21:58.430 [info] W1219 15:21:58.425427 81660 browser_page.go:196] failed to get favicon URL: favicon not found
2025-12-19 15:22:25.664 [info] E1219 15:22:25.575371 81660 log.go:354] encountered conflicting override on experiment: cascade-include-ephemeral-message
2025-12-19 15:22:25.664 [info] E1219 15:22:25.583597 81660 log.go:354] encountered conflicting override on experiment: cascade-knowledge-config
2025-12-19 15:22:27.006 [info] I1219 15:22:27.005796 81660 planner_generator.go:272] Requesting planner with 2 chat messages at model retry attempt 1 and API retry attempt 1
2025-12-19 15:22:42.281 [info] I1219 15:22:42.280760 81660 http_helpers.go:125] URL: https://daily-cloudcode-pa.sandbox.googleapis.com/v1internal:streamGenerateContent?alt=sse Trace: 0x6637ec3fdff75390
2025-12-19 15:22:54.533 [info] I1219 15:22:54.533013 81660 http_helpers.go:125] URL: https://daily-cloudcode-pa.sandbox.googleapis.com/v1internal:streamGenerateContent?alt=sse Trace: 0x4413f99c18e0a28c
2025-12-19 15:23:09.678 [info] E1219 15:23:09.674599 81660 log.go:354] encountered conflicting override on experiment: cascade-include-ephemeral-message
2025-12-19 15:23:09.678 [info] E1219 15:23:09.675811 81660 log.go:354] encountered conflicting override on experiment: cascade-knowledge-config
2025-12-19 15:23:09.743 [info] I1219 15:23:09.742432 81660 planner_generator.go:272] Requesting planner with 4 chat messages at model retry attempt 1 and API retry attempt 1
2025-12-19 15:23:15.554 [info] I1219 15:23:15.553963 81660 http_helpers.go:125] URL: https://daily-cloudcode-pa.sandbox.googleapis.com/v1internal:streamGenerateContent?alt=sse Trace: 0x90816cba51813f63
2025-12-19 15:23:18.111 [info] I1219 15:23:18.111059 81660 planner_generator.go:272] Requesting planner with 6 chat messages at model retry attempt 1 and API retry attempt 1
2025-12-19 15:23:22.895 [info] I1219 15:23:22.894731 81660 http_helpers.go:125] URL: https://daily-cloudcode-pa.sandbox.googleapis.com/v1internal:streamGenerateContent?alt=sse Trace: 0xc379f9b96e292485
2025-12-19 15:24:07.804 [info] E1219 15:24:07.802507 81660 log.go:354] encountered conflicting override on experiment: cascade-include-ephemeral-message
2025-12-19 15:24:07.804 [info] E1219 15:24:07.804452 81660 log.go:354] encountered conflicting override on experiment: cascade-knowledge-config
2025-12-19 15:24:07.887 [info] I1219 15:24:07.884182 81660 planner_generator.go:272] Requesting planner with 8 chat messages at model retry attempt 1 and API retry attempt 1
2025-12-19 15:24:27.770 [info] E1219 15:24:27.733483 81660 log.go:362] agent executor error: request failed: Post "https://daily-cloudcode-pa.sandbox.googleapis.com/v1internal:streamGenerateContent?alt=sse": use of closed network connection: request failed: Post "https://daily-cloudcode-pa.sandbox.googleapis.com/v1internal:streamGenerateContent?alt=sse": use of closed network connection
2025-12-19 15:24:41.522 [info] E1219 15:24:41.519726 81660 log.go:354] encountered conflicting override on experiment: cascade-include-ephemeral-message
2025-12-19 15:24:41.522 [info] E1219 15:24:41.520856 81660 log.go:354] encountered conflicting override on experiment: cascade-knowledge-config
2025-12-19 15:24:41.671 [info] I1219 15:24:41.647702 81660 planner_generator.go:272] Requesting planner with 10 chat messages at model retry attempt 1 and API retry attempt 1
2025-12-19 15:24:49.590 [info] I1219 15:24:49.589902 81660 http_helpers.go:125] URL: https://daily-cloudcode-pa.sandbox.googleapis.com/v1internal:streamGenerateContent?alt=sse Trace: 0xf303bb94e2b7d13e
2025-12-19 15:24:54.295 [info] E1219 15:24:54.294722 81660 log.go:362] path is not in a workspace which you have access to: either proceed without accessing that path, or ask the user if they are willing to turn off workspace validation
2025-12-19 15:24:54.300 [info] I1219 15:24:54.299643 81660 planner_generator.go:272] Requesting planner with 12 chat messages at model retry attempt 2 and API retry attempt 1
2025-12-19 15:25:13.068 [info] I1219 15:25:13.067851 81660 http_helpers.go:125] URL: https://daily-cloudcode-pa.sandbox.googleapis.com/v1internal:streamGenerateContent?alt=sse Trace: 0xe63ccbdacb91746e
2025-12-19 15:25:13.420 [info] I1219 15:25:13.419423 81660 planner_generator.go:272] Requesting planner with 14 chat messages at model retry attempt 1 and API retry attempt 1
2025-12-19 15:25:20.590 [info] I1219 15:25:20.590289 81660 http_helpers.go:125] URL: https://daily-cloudcode-pa.sandbox.googleapis.com/v1internal:streamGenerateContent?alt=sse Trace: 0x69ac30d2c5c68cb
2025-12-19 15:25:24.447 [info] I1219 15:25:24.447399 81660 planner_generator.go:272] Requesting planner with 16 chat messages at model retry attempt 1 and API retry attempt 1
2025-12-19 15:25:38.414 [info] I1219 15:25:38.413962 81660 http_helpers.go:125] URL: https://daily-cloudcode-pa.sandbox.googleapis.com/v1internal:streamGenerateContent?alt=sse Trace: 0x58cd04c9fe770273
2025-12-19 15:25:38.962 [info] I1219 15:25:38.961967 81660 planner_generator.go:272] Requesting planner with 18 chat messages at model retry attempt 1 and API retry attempt 1
2025-12-19 15:25:47.518 [info] I1219 15:25:47.517609 81660 http_helpers.go:125] URL: https://daily-cloudcode-pa.sandbox.googleapis.com/v1internal:streamGenerateContent?alt=sse Trace: 0x81852a8db9e75d79
2025-12-19 15:26:50.782 [info] E1219 15:26:50.781982 81660 log.go:354] Get "https://antigravity-unleash.goog/api/client/features": dial tcp: lookup antigravity-unleash.goog: i/o timeout: Get "https://antigravity-unleash.goog/api/client/features": dial tcp: lookup antigravity-unleash.goog: i/o timeout
2025-12-19 15:26:50.809 [info] E1219 15:26:50.808731 81660 log.go:354] Post "https://antigravity-unleash.goog/api/client/metrics": dial tcp: lookup antigravity-unleash.goog: i/o timeout: Post "https://antigravity-unleash.goog/api/client/metrics": dial tcp: lookup antigravity-unleash.goog: i/o timeout
2025-12-19 15:28:22.419 [info] E1219 15:28:22.419081 81660 log.go:362] agent executor error: stream reading error: read tcp 192.168.100.34:49078->172.253.144.81:443: read: connection timed out: stream reading error: read tcp 192.168.100.34:49078 -> 172.253.144.81:443: read: connection timed out
2025-12-19 15:29:40.014 [info] E1219 15:29:40.011377 81660 log.go:354] Get "https://antigravity-unleash.goog/api/client/features": dial tcp: lookup antigravity-unleash.goog: Temporary failure in name resolution: Get "https://antigravity-unleash.goog/api/client/features": dial tcp: lookup antigravity-unleash.goog: Temporary failure in name resolution
2025-12-19 15:29:40.014 [info] E1219 15:29:40.011444 81660 log.go:362] Post "https://daily-cloudcode-pa.sandbox.googleapis.com/v1internal:recordTrajectoryAnalytics": dial tcp: lookup daily-cloudcode-pa.sandbox.googleapis.com: Temporary failure in name resolution
2025-12-19 15:29:40.014 [info] E1219 15:29:40.011959 81660 log.go:354] Post "https://antigravity-unleash.goog/api/client/metrics": dial tcp: lookup antigravity-unleash.goog: Temporary failure in name resolution: Post "https://antigravity-unleash.goog/api/client/metrics": dial tcp: lookup antigravity-unleash.goog: Temporary failure in name resolution
