2025-12-19 21:56:58.203 [error] #1: https://open-vsx.org/vscode/gallery/vscode/catppuccin/catppuccin-vsc/latest - error GET Canceled
2025-12-19 21:56:58.205 [error] #2: https://open-vsx.org/vscode/gallery/vscode/devsense/composer-php-vscode/latest - error GET Canceled
2025-12-19 21:56:58.207 [error] #3: https://open-vsx.org/vscode/gallery/vscode/devsense/intelli-php-vscode/latest - error GET Canceled
2025-12-19 21:56:58.210 [error] #4: https://open-vsx.org/vscode/gallery/vscode/devsense/phptools-vscode/latest - error GET Canceled
2025-12-19 21:56:58.212 [error] #6: https://open-vsx.org/vscode/gallery/vscode/golang/go/latest - error GET Canceled
2025-12-19 21:56:58.215 [error] #7: https://open-vsx.org/vscode/gallery/vscode/kilocode/kilo-code/latest - error GET Canceled
2025-12-19 21:56:58.222 [error] #9: https://open-vsx.org/vscode/gallery/vscode/meta/pyrefly/latest - error GET Canceled
2025-12-19 21:56:58.223 [error] #10: https://open-vsx.org/vscode/gallery/vscode/ms-azuretools/vscode-containers/latest - error GET Canceled
2025-12-19 21:56:58.223 [error] #11: https://open-vsx.org/vscode/gallery/vscode/ms-azuretools/vscode-docker/latest - error GET Canceled
2025-12-19 21:56:58.228 [error] #12: https://open-vsx.org/vscode/gallery/vscode/ms-python/debugpy/latest - error GET Canceled
2025-12-19 21:56:58.229 [error] #13: https://open-vsx.org/vscode/gallery/vscode/ms-python/python/latest - error GET Canceled
2025-12-19 21:56:58.234 [error] #14: https://open-vsx.org/vscode/gallery/vscode/ms-python/vscode-python-envs/latest - error GET Canceled
2025-12-19 21:56:58.237 [error] #15: https://open-vsx.org/vscode/gallery/vscode/redhat/java/latest - error GET Canceled
2025-12-19 21:56:58.238 [error] #16: https://open-vsx.org/vscode/gallery/vscode/shopify/ruby-lsp/latest - error GET Canceled
2025-12-19 21:56:58.241 [error] #17: https://open-vsx.org/vscode/gallery/vscode/vscjava/vscode-gradle/latest - error GET Canceled
2025-12-19 21:56:58.245 [error] #18: https://open-vsx.org/vscode/gallery/vscode/vscjava/vscode-java-debug/latest - error GET Canceled
2025-12-19 21:56:58.248 [error] #19: https://open-vsx.org/vscode/gallery/vscode/vscjava/vscode-java-dependency/latest - error GET Canceled
2025-12-19 21:56:58.251 [error] #20: https://open-vsx.org/vscode/gallery/vscode/vscjava/vscode-java-pack/latest - error GET Canceled
2025-12-19 21:56:58.256 [error] #21: https://open-vsx.org/vscode/gallery/vscode/vscjava/vscode-java-test/latest - error GET Canceled
2025-12-19 21:56:58.258 [error] #22: https://open-vsx.org/vscode/gallery/vscode/vscjava/vscode-maven/latest - error GET Canceled
2025-12-19 21:56:58.262 [error] #23: https://open-vsx.org/vscode/gallery/vscode/vscodevim/vim/latest - error GET Canceled
