2025-12-19 17:03:26.600 [info] [main] Log level: Info
2025-12-19 17:03:26.600 [info] [main] Validating found git in: "git"
2025-12-19 17:03:26.600 [info] [main] Using git "2.52.0" from "git"
2025-12-19 17:03:26.600 [info] [Model][doInitialScan] Initial repository scan started
2025-12-19 17:03:26.600 [info] > git rev-parse --show-toplevel [12ms]
2025-12-19 17:03:26.600 [info] fatal: not a git repository (or any parent up to mount point /)
Stopping at filesystem boundary (GIT_DISCOVERY_ACROSS_FILESYSTEM not set).
2025-12-19 17:03:26.600 [info] [Model][doInitialScan] Initial repository scan completed - repositories (0), closed repositories (0), parent repositories (0), unsafe repositories (0)
2025-12-19 17:03:26.658 [info] > git rev-parse --show-toplevel [1ms]
2025-12-19 17:03:26.658 [info] fatal: not a git repository (or any parent up to mount point /)
Stopping at filesystem boundary (GIT_DISCOVERY_ACROSS_FILESYSTEM not set).
2025-12-19 17:03:27.792 [info] > git rev-parse --show-toplevel [13ms]
2025-12-19 17:03:27.792 [info] fatal: not a git repository (or any parent up to mount point /)
Stopping at filesystem boundary (GIT_DISCOVERY_ACROSS_FILESYSTEM not set).
2025-12-19 17:03:30.022 [info] > git rev-parse --show-toplevel [8ms]
2025-12-19 17:03:30.022 [info] fatal: not a git repository (or any parent up to mount point /)
Stopping at filesystem boundary (GIT_DISCOVERY_ACROSS_FILESYSTEM not set).
2025-12-19 17:03:31.400 [info] > git rev-parse --show-toplevel [20ms]
2025-12-19 17:03:31.400 [info] fatal: not a git repository (or any parent up to mount point /)
Stopping at filesystem boundary (GIT_DISCOVERY_ACROSS_FILESYSTEM not set).
2025-12-19 17:03:48.936 [info] > git rev-parse --show-toplevel [3ms]
2025-12-19 17:03:48.937 [info] fatal: not a git repository (or any parent up to mount point /)
Stopping at filesystem boundary (GIT_DISCOVERY_ACROSS_FILESYSTEM not set).
2025-12-19 17:03:51.954 [info] > git rev-parse --show-toplevel [31ms]
2025-12-19 17:03:51.954 [info] fatal: not a git repository (or any parent up to mount point /)
Stopping at filesystem boundary (GIT_DISCOVERY_ACROSS_FILESYSTEM not set).
2025-12-19 17:03:55.852 [info] > git rev-parse --show-toplevel [9ms]
2025-12-19 17:03:55.852 [info] fatal: not a git repository (or any parent up to mount point /)
Stopping at filesystem boundary (GIT_DISCOVERY_ACROSS_FILESYSTEM not set).
