2025-12-19 16:44:25.275 [info] [main] Log level: Info
2025-12-19 16:44:25.275 [info] [main] Validating found git in: "git"
2025-12-19 16:44:25.275 [info] [main] Using git "2.52.0" from "git"
2025-12-19 16:44:25.275 [info] [Model][doInitialScan] Initial repository scan started
2025-12-19 16:44:25.275 [info] > git rev-parse --show-toplevel [6ms]
2025-12-19 16:44:25.275 [info] fatal: not a git repository (or any parent up to mount point /)
Stopping at filesystem boundary (GIT_DISCOVERY_ACROSS_FILESYSTEM not set).
2025-12-19 16:44:25.275 [info] [Model][doInitialScan] Initial repository scan completed - repositories (0), closed repositories (0), parent repositories (0), unsafe repositories (0)
2025-12-19 16:44:25.275 [info] > git rev-parse --show-toplevel [34ms]
2025-12-19 16:44:25.275 [info] fatal: not a git repository (or any parent up to mount point /)
Stopping at filesystem boundary (GIT_DISCOVERY_ACROSS_FILESYSTEM not set).
2025-12-19 16:44:25.295 [info] > git rev-parse --show-toplevel [6ms]
2025-12-19 16:44:25.295 [info] fatal: not a git repository (or any parent up to mount point /)
Stopping at filesystem boundary (GIT_DISCOVERY_ACROSS_FILESYSTEM not set).
2025-12-19 16:44:25.328 [info] > git rev-parse --show-toplevel [2ms]
2025-12-19 16:44:25.328 [info] fatal: not a git repository (or any parent up to mount point /)
Stopping at filesystem boundary (GIT_DISCOVERY_ACROSS_FILESYSTEM not set).
2025-12-19 16:44:25.467 [info] > git rev-parse --show-toplevel [2ms]
2025-12-19 16:44:25.467 [info] fatal: not a git repository (or any parent up to mount point /)
Stopping at filesystem boundary (GIT_DISCOVERY_ACROSS_FILESYSTEM not set).
2025-12-19 16:44:26.294 [info] > git rev-parse --show-toplevel [4ms]
2025-12-19 16:44:26.294 [info] fatal: not a git repository (or any parent up to mount point /)
Stopping at filesystem boundary (GIT_DISCOVERY_ACROSS_FILESYSTEM not set).
2025-12-19 16:46:40.408 [info] > git rev-parse --show-toplevel [9ms]
2025-12-19 16:46:40.408 [info] fatal: not a git repository (or any parent up to mount point /)
Stopping at filesystem boundary (GIT_DISCOVERY_ACROSS_FILESYSTEM not set).
2025-12-19 17:03:55.859 [info] > git rev-parse --show-toplevel [11ms]
2025-12-19 17:03:55.859 [info] fatal: not a git repository (or any parent up to mount point /)
Stopping at filesystem boundary (GIT_DISCOVERY_ACROSS_FILESYSTEM not set).
