2025-12-19 15:05:16.065 [info] [main] Log level: Info
2025-12-19 15:05:16.065 [info] [main] Validating found git in: "git"
2025-12-19 15:05:16.065 [info] [main] Using git "2.52.0" from "git"
2025-12-19 15:05:16.065 [info] [Model][doInitialScan] Initial repository scan started
2025-12-19 15:05:16.065 [info] > git rev-parse --show-toplevel [19ms]
2025-12-19 15:05:16.065 [info] > git rev-parse --git-dir --git-common-dir --show-superproject-working-tree [61ms]
2025-12-19 15:05:16.065 [info] [Model][openRepository] Opened repository (path): /home/archbtw/dev/archon
2025-12-19 15:05:16.065 [info] [Model][openRepository] Opened repository (real path): /home/archbtw/dev/archon
2025-12-19 15:05:16.065 [info] [Model][openRepository] Opened repository (kind): repository
2025-12-19 15:05:16.066 [info] > git config --get commit.template [14ms]
2025-12-19 15:05:16.098 [info] > git for-each-ref --format=%(refname)%00%(upstream:short)%00%(objectname)%00%(upstream:track)%00%(upstream:remotename)%00%(upstream:remoteref) refs/heads/stable refs/remotes/stable [11ms]
2025-12-19 15:05:16.127 [warning] [Git][revParse] Unable to read file: ENOENT: no such file or directory, open '/home/archbtw/dev/archon/.git/refs/remotes/origin/stable'
2025-12-19 15:05:16.138 [info] > git rev-parse --show-toplevel [26ms]
2025-12-19 15:05:16.166 [info] > git rev-parse refs/remotes/origin/stable [39ms]
2025-12-19 15:05:16.204 [info] > git status -z -uall [21ms]
2025-12-19 15:05:16.206 [info] > git rev-parse --show-toplevel [41ms]
2025-12-19 15:05:16.226 [info] > git for-each-ref --sort -committerdate --format %(refname)%00%(objectname)%00%(*objectname) [26ms]
2025-12-19 15:05:16.273 [info] > git for-each-ref --format=%(refname)%00%(upstream:short)%00%(objectname)%00%(upstream:track)%00%(upstream:remotename)%00%(upstream:remoteref) refs/heads/stable refs/remotes/stable [23ms]
2025-12-19 15:05:16.289 [info] > git rev-parse --show-toplevel [64ms]
2025-12-19 15:05:16.345 [info] > git config --get --local branch.stable.vscode-merge-base [56ms]
2025-12-19 15:05:16.361 [info] > git config --get commit.template [90ms]
2025-12-19 15:05:16.369 [info] > git for-each-ref --format=%(refname)%00%(upstream:short)%00%(objectname)%00%(upstream:track)%00%(upstream:remotename)%00%(upstream:remoteref) refs/heads/origin/main refs/remotes/origin/main [8ms]
2025-12-19 15:05:16.383 [info] > git rev-parse --show-toplevel [39ms]
2025-12-19 15:05:16.410 [info] > git for-each-ref --format=%(refname)%00%(upstream:short)%00%(objectname)%00%(upstream:track)%00%(upstream:remotename)%00%(upstream:remoteref) refs/heads/stable refs/remotes/stable [14ms]
2025-12-19 15:05:16.411 [info] > git merge-base refs/heads/stable refs/remotes/origin/stable [29ms]
2025-12-19 15:05:16.442 [warning] [Git][revParse] Unable to read file: ENOENT: no such file or directory, open '/home/archbtw/dev/archon/.git/refs/remotes/origin/stable'
2025-12-19 15:05:16.443 [info] > git rev-parse --show-toplevel [35ms]
2025-12-19 15:05:16.457 [info] > git diff --name-status -z --diff-filter=ADMR cf391b4f6c8568633f51cf083340fd3bc65ce35b...refs/remotes/origin/stable [31ms]
2025-12-19 15:05:16.459 [info] > git rev-parse --show-toplevel [2ms]
2025-12-19 15:05:16.459 [info] > git rev-parse refs/remotes/origin/stable [17ms]
2025-12-19 15:05:16.497 [info] > git status -z -uall [28ms]
2025-12-19 15:05:16.499 [info] > git rev-parse --show-toplevel [2ms]
2025-12-19 15:05:16.499 [info] > git for-each-ref --sort -committerdate --format %(refname)%00%(objectname)%00%(*objectname) [14ms]
2025-12-19 15:05:16.523 [info] > git rev-parse --show-toplevel [5ms]
2025-12-19 15:05:16.537 [info] > git rev-parse --show-toplevel [2ms]
2025-12-19 15:05:16.550 [info] > git rev-parse --show-toplevel [2ms]
2025-12-19 15:05:16.555 [info] [Model][doInitialScan] Initial repository scan completed - repositories (1), closed repositories (0), parent repositories (0), unsafe repositories (0)
2025-12-19 15:05:16.608 [info] > git check-ignore -v -z --stdin [13ms]
