2025-12-19 15:21:31.662 [info] [main] Log level: Info
2025-12-19 15:21:31.662 [info] [main] Validating found git in: "git"
2025-12-19 15:21:31.662 [info] [main] Using git "2.52.0" from "git"
2025-12-19 15:21:31.662 [info] [Model][doInitialScan] Initial repository scan started
2025-12-19 15:21:31.662 [info] > git rev-parse --show-toplevel [1848ms]
2025-12-19 15:21:31.662 [info] fatal: not a git repository (or any parent up to mount point /)
Stopping at filesystem boundary (GIT_DISCOVERY_ACROSS_FILESYSTEM not set).
2025-12-19 15:21:31.662 [info] [Model][doInitialScan] Initial repository scan completed - repositories (0), closed repositories (0), parent repositories (0), unsafe repositories (0)
2025-12-19 15:21:31.779 [info] > git rev-parse --show-toplevel [6ms]
2025-12-19 15:21:31.779 [info] fatal: not a git repository (or any parent up to mount point /)
Stopping at filesystem boundary (GIT_DISCOVERY_ACROSS_FILESYSTEM not set).
2025-12-19 15:21:34.359 [info] > git rev-parse --show-toplevel [50ms]
2025-12-19 15:21:34.359 [info] fatal: not a git repository (or any parent up to mount point /)
Stopping at filesystem boundary (GIT_DISCOVERY_ACROSS_FILESYSTEM not set).
2025-12-19 15:21:36.918 [info] > git rev-parse --show-toplevel [6ms]
2025-12-19 15:21:36.918 [info] fatal: not a git repository (or any parent up to mount point /)
Stopping at filesystem boundary (GIT_DISCOVERY_ACROSS_FILESYSTEM not set).
2025-12-19 15:21:48.017 [info] > git rev-parse --show-toplevel [26ms]
2025-12-19 15:21:48.017 [info] fatal: not a git repository (or any parent up to mount point /)
Stopping at filesystem boundary (GIT_DISCOVERY_ACROSS_FILESYSTEM not set).
