2025-12-19 17:03:33.647 [error] #1: https://open-vsx.org/vscode/gallery/vscode/catppuccin/catppuccin-vsc/latest - error GET Fetch timeout: 10000ms
2025-12-19 17:03:33.659 [error] #2: https://open-vsx.org/vscode/gallery/vscode/devsense/composer-php-vscode/latest - error GET Fetch timeout: 10000ms
2025-12-19 17:03:33.677 [error] #3: https://open-vsx.org/vscode/gallery/vscode/devsense/intelli-php-vscode/latest - error GET Fetch timeout: 10000ms
2025-12-19 17:03:33.679 [error] #4: https://open-vsx.org/vscode/gallery/vscode/devsense/phptools-vscode/latest - error GET Fetch timeout: 10000ms
2025-12-19 17:03:33.703 [error] #5: https://open-vsx.org/vscode/gallery/vscode/devsense/profiler-php-vscode/latest - error GET Fetch timeout: 10000ms
2025-12-19 17:03:33.710 [error] #6: https://open-vsx.org/vscode/gallery/vscode/golang/go/latest - error GET Fetch timeout: 10000ms
2025-12-19 17:03:33.728 [error] #7: https://open-vsx.org/vscode/gallery/vscode/kilocode/kilo-code/latest - error GET Fetch timeout: 10000ms
2025-12-19 17:03:33.730 [error] #8: https://open-vsx.org/vscode/gallery/vscode/llvm-vs-code-extensions/vscode-clangd/latest - error GET Fetch timeout: 10000ms
2025-12-19 17:03:33.744 [error] #9: https://open-vsx.org/vscode/gallery/vscode/meta/pyrefly/latest - error GET Fetch timeout: 10000ms
2025-12-19 17:03:33.754 [error] #10: https://open-vsx.org/vscode/gallery/vscode/ms-azuretools/vscode-containers/latest - error GET Fetch timeout: 10000ms
2025-12-19 17:03:33.760 [error] #11: https://open-vsx.org/vscode/gallery/vscode/ms-azuretools/vscode-docker/latest - error GET Fetch timeout: 10000ms
2025-12-19 17:03:33.774 [error] #12: https://open-vsx.org/vscode/gallery/vscode/ms-python/debugpy/latest - error GET Fetch timeout: 10000ms
2025-12-19 17:03:33.786 [error] #13: https://open-vsx.org/vscode/gallery/vscode/ms-python/python/latest - error GET Fetch timeout: 10000ms
2025-12-19 17:03:33.818 [error] #14: https://open-vsx.org/vscode/gallery/vscode/ms-python/vscode-python-envs/latest - error GET Fetch timeout: 10000ms
2025-12-19 17:03:33.834 [error] #15: https://open-vsx.org/vscode/gallery/vscode/redhat/java/latest - error GET Fetch timeout: 10000ms
2025-12-19 17:03:33.862 [error] #16: https://open-vsx.org/vscode/gallery/vscode/shopify/ruby-lsp/latest - error GET Fetch timeout: 10000ms
2025-12-19 17:03:33.884 [error] #17: https://open-vsx.org/vscode/gallery/vscode/vscjava/vscode-gradle/latest - error GET Fetch timeout: 10000ms
2025-12-19 17:03:33.894 [error] #18: https://open-vsx.org/vscode/gallery/vscode/vscjava/vscode-java-debug/latest - error GET Fetch timeout: 10000ms
2025-12-19 17:03:33.896 [error] #19: https://open-vsx.org/vscode/gallery/vscode/vscjava/vscode-java-dependency/latest - error GET Fetch timeout: 10000ms
2025-12-19 17:03:33.903 [error] #20: https://open-vsx.org/vscode/gallery/vscode/vscjava/vscode-java-pack/latest - error GET Fetch timeout: 10000ms
2025-12-19 17:03:33.918 [error] #21: https://open-vsx.org/vscode/gallery/vscode/vscjava/vscode-java-test/latest - error GET Fetch timeout: 10000ms
2025-12-19 17:03:33.927 [error] #22: https://open-vsx.org/vscode/gallery/vscode/vscjava/vscode-maven/latest - error GET Fetch timeout: 10000ms
2025-12-19 17:03:33.931 [error] #23: https://open-vsx.org/vscode/gallery/vscode/vscodevim/vim/latest - error GET Fetch timeout: 10000ms
2025-12-19 17:05:41.287 [error] #24: https://open-vsx.org/vscode/gallery/extensionquery - error POST Failed to fetch
