2025-12-19 15:20:37.025 [info] Extension host with pid 80167 started
2025-12-19 15:20:37.025 [info] Skipping acquiring lock for /home/archbtw/.config/Antigravity/User/workspaceStorage/c7550da4e7ebacf265ee4e8a784213d2.
2025-12-19 15:20:37.087 [info] ExtensionService#_doActivateExtension vscode.git-base, startup: true, activationEvent: '*', root cause: google.antigravity
2025-12-19 15:20:37.245 [info] ExtensionService#_doActivateExtension vscode.git, startup: true, activationEvent: '*', root cause: google.antigravity
2025-12-19 15:20:37.322 [info] ExtensionService#_doActivateExtension vscode.github, startup: true, activationEvent: '*'
2025-12-19 15:20:37.438 [info] ExtensionService#_doActivateExtension google.antigravity, startup: true, activationEvent: '*'
2025-12-19 15:20:38.045 [info] ExtensionService#_doActivateExtension vscode.emmet, startup: false, activationEvent: 'onLanguage'
2025-12-19 15:20:38.083 [info] ExtensionService#_doActivateExtension kilocode.kilo-code, startup: false, activationEvent: 'onLanguage'
2025-12-19 15:20:40.262 [info] ExtensionService#_doActivateExtension vscode.terminal-suggest, startup: false, activationEvent: 'onTerminalShellIntegration:*'
2025-12-19 15:20:45.555 [info] ExtensionService#_doActivateExtension google.antigravity-browser-launcher, startup: false, activationEvent: 'onCommand:browserLauncher.launchBrowser'
2025-12-19 15:20:47.066 [info] ExtensionService#_doActivateExtension Google LLC.antigravity-dev-containers, startup: false, activationEvent: 'onStartupFinished'
2025-12-19 15:20:47.081 [info] ExtensionService#_doActivateExtension vscode.debug-auto-launch, startup: false, activationEvent: 'onStartupFinished'
2025-12-19 15:20:47.086 [info] ExtensionService#_doActivateExtension vscode.merge-conflict, startup: false, activationEvent: 'onStartupFinished'
2025-12-19 15:20:47.114 [info] ExtensionService#_doActivateExtension Catppuccin.catppuccin-vsc, startup: false, activationEvent: 'onStartupFinished'
2025-12-19 15:20:47.121 [info] ExtensionService#_doActivateExtension vscodevim.vim, startup: false, activationEvent: 'onStartupFinished'
2025-12-19 15:20:48.299 [error] Error: ENOENT: no such file or directory, open '/home/archbtw/.config/Antigravity/User/globalStorage/vscodevim.vim/.registers'
2025-12-19 15:21:13.300 [info] Eager extensions activated
2025-12-19 15:22:15.302 [info] Extension host terminating: renderer closed the MessagePort
2025-12-19 15:22:15.438 [error] Error: ENOENT: no such file or directory, open '/home/archbtw/.config/Antigravity/User/globalStorage/vscodevim.vim/.registers'
2025-12-19 15:22:15.447 [error] Canceled: Canceled
	at new tz (file:///home/archbtw/Downloads/Antigravity/resources/app/out/vs/workbench/api/node/extensionHostProcess.js:30:117507)
	at JO.U (file:///home/archbtw/Downloads/Antigravity/resources/app/out/vs/workbench/api/node/extensionHostProcess.js:30:122118)
	at r.<computed>.s.charCodeAt.r.<computed> (file:///home/archbtw/Downloads/Antigravity/resources/app/out/vs/workbench/api/node/extensionHostProcess.js:30:119612)
	at t6.setValue (file:///home/archbtw/Downloads/Antigravity/resources/app/out/vs/workbench/api/node/extensionHostProcess.js:113:14979)
	at file:///home/archbtw/Downloads/Antigravity/resources/app/out/vs/workbench/api/node/extensionHostProcess.js:113:15603
	at mr.a (file:///home/archbtw/Downloads/Antigravity/resources/app/out/vs/workbench/api/node/extensionHostProcess.js:113:15721)
	at mr.h (file:///home/archbtw/Downloads/Antigravity/resources/app/out/vs/workbench/api/node/extensionHostProcess.js:28:75885)
	at mr.g (file:///home/archbtw/Downloads/Antigravity/resources/app/out/vs/workbench/api/node/extensionHostProcess.js:28:75869)
	at listOnTimeout (node:internal/timers:588:17)
	at process.processTimers (node:internal/timers:523:7)
2025-12-19 15:22:15.448 [info] Extension host with pid 80167 exiting with code 0
